******************************************************************************
                  TI ARM Linker PC v16.9.0                     
******************************************************************************
>> Linked Sun Mar 12 22:57:10 2017

OUTPUT FILE NAME:   <NATCAR.out>
ENTRY POINT SYMBOL: "_c_int00"  address: 0000258d


MEMORY CONFIGURATION

         name            origin    length      used     unused   attr    fill
----------------------  --------  ---------  --------  --------  ----  --------
  FLASH                 00000000   00040000  00002dd8  0003d228  R  X
  SRAM                  20000000   00008000  00007be6  0000041a  RW X


SEGMENT ALLOCATION MAP

run origin  load origin   length   init length attrs members
----------  ----------- ---------- ----------- ----- -------
00000000    00000000    00002dd8   00002dd8    r-x
  00000000    00000000    0000026c   0000026c    r-- .intvecs
  0000026c    0000026c    00002850   00002850    r-x .text
  00002abc    00002abc    000002d4   000002d4    r-- .const
  00002d90    00002d90    00000048   00000048    r-- .cinit
20000000    20000000    00007be8   00000000    rw-
  20000000    20000000    0000026c   00000000    rw- .vtable
  2000026c    2000026c    00007530   00000000    rw- .stack
  2000779c    2000779c    0000042a   00000000    rw- .bss
  20007bc8    20007bc8    00000020   00000000    rw- .data


SECTION ALLOCATION MAP

 output                                  attributes/
section   page    origin      length       input sections
--------  ----  ----------  ----------   ----------------
.intvecs   0    00000000    0000026c     
                  00000000    0000026c     tm4c123gh6pm_startup_ccs.obj (.intvecs)

.text      0    0000026c    00002850     
                  0000026c    00000ee4     main.obj (.text)
                  00001150    000004dc     uartstdio.obj (.text)
                  0000162c    000003bc     tsl1401.obj (.text)
                  000019e8    000001e4     uart.obj (.text)
                  00001bcc    000001b6     rtsv7M4_T_le_v4SPD16_eabi.lib : fd_add_t2.obj (.text)
                  00001d82    00000002                                   : i_div0.obj (.text)
                  00001d84    0000013c     motor.obj (.text)
                  00001ec0    00000136     rtsv7M4_T_le_v4SPD16_eabi.lib : fd_div_t2.obj (.text)
                  00001ff6    00000132     driverlib.lib : gpio.obj (.text:GPIOPadConfigSet)
                  00002128    00000110                   : sysctl.obj (.text:SysCtlClockGet)
                  00002238    000000a4     servo.obj (.text)
                  000022dc    0000009c     rtsv7M4_T_le_v4SPD16_eabi.lib : memcpy_t2.obj (.text)
                  00002378    0000007a                                   : memset_t2.obj (.text)
                  000023f2    00000002                                   : mpu_init.obj (.text)
                  000023f4    00000070                                   : autoinit.obj (.text)
                  00002464    00000068     driverlib.lib : interrupt.obj (.text:IntEnable)
                  000024cc    00000068     rtsv7M4_T_le_v4SPD16_eabi.lib : copy_decompress_lzss.obj (.text:decompress:lzss)
                  00002534    00000058     driverlib.lib : adc.obj (.text:ADCSequenceConfigure)
                  0000258c    00000054     rtsv7M4_T_le_v4SPD16_eabi.lib : boot.obj (.text)
                  000025e0    00000054                                   : exit.obj (.text)
                  00002634    00000050     driverlib.lib : adc.obj (.text:_ADCIntNumberGet)
                  00002684    0000004c                   : timer.obj (.text:_TimerIntNumberGet)
                  000026d0    0000004c     rtsv7M4_T_le_v4SPD16_eabi.lib : cpy_tbl.obj (.text)
                  0000271c    00000048     driverlib.lib : gpio.obj (.text:GPIOPinConfigure)
                  00002764    00000044     rtsv7M4_T_le_v4SPD16_eabi.lib : fd_tou_t2.obj (.text)
                  000027a8    00000040     driverlib.lib : uart.obj (.text:_UARTIntNumberGet)
                  000027e8    00000040     rtsv7M4_T_le_v4SPD16_eabi.lib : u_divt2.obj (.text)
                  00002828    00000034     driverlib.lib : interrupt.obj (.text:IntRegister)
                  0000285c    00000034                   : sysctl.obj (.text:SysCtlPeripheralEnable)
                  00002890    0000002e     rtsv7M4_T_le_v4SPD16_eabi.lib : i_tofd_t2.obj (.text)
                  000028be    0000002a     driverlib.lib : gpio.obj (.text:GPIODirModeSet)
                  000028e8    00000022                   : pwm.obj (.text:PWMGenConfigure)
                  0000290a    0000001e                   : pwm.obj (.text:PWMPulseWidthSet)
                  00002928    00000018                   : adc.obj (.text:ADCIntRegister)
                  00002940    00000018                   : timer.obj (.text:TimerIntRegister)
                  00002958    00000018                   : uart.obj (.text:UARTIntRegister)
                  00002970    00000018     rtsv7M4_T_le_v4SPD16_eabi.lib : args_main.obj (.text)
                  00002988    00000014     driverlib.lib : sysctl.obj (.text:SysCtlPWMClockSet)
                  0000299c    00000014     rtsv7M4_T_le_v4SPD16_eabi.lib : _lock.obj (.text)
                  000029b0    00000012     driverlib.lib : gpio.obj (.text:GPIOPinTypeADC)
                  000029c2    00000012                   : gpio.obj (.text:GPIOPinTypePWM)
                  000029d4    00000012                   : pwm.obj (.text:PWMOutputState)
                  000029e6    00000012                   : timer.obj (.text:TimerLoadSet)
                  000029f8    00000010                   : adc.obj (.text:ADCIntEnable)
                  00002a08    00000010                   : interrupt.obj (.text:IntMasterEnable)
                  00002a18    00000010                   : pwm.obj (.text:PWMGenPeriodSet)
                  00002a28    0000000e                   : uart.obj (.text:UARTCharGetNonBlocking)
                  00002a36    0000000e                   : uart.obj (.text:UARTCharPutNonBlocking)
                  00002a44    0000000e                   : uart.obj (.text:UARTCharsAvail)
                  00002a52    0000000e     rtsv7M4_T_le_v4SPD16_eabi.lib : copy_decompress_none.obj (.text:decompress:none)
                  00002a60    0000000c     driverlib.lib : cpu.obj (.text:CPUcpsie)
                  00002a6c    0000000c                   : pwm.obj (.text:PWMGenEnable)
                  00002a78    0000000c     rtsv7M4_T_le_v4SPD16_eabi.lib : copy_zero_init.obj (.text:decompress:ZI)
                  00002a84    0000000c     tm4c123gh6pm_startup_ccs.obj (.text)
                  00002a90    0000000a     driverlib.lib : uart.obj (.text:UARTIntStatus)
                  00002a9a    00000008                   : uart.obj (.text:UARTIntEnable)
                  00002aa2    00000006                   : gpio.obj (.text:GPIOPinWrite)
                  00002aa8    00000006                   : uart.obj (.text:UARTClockSourceSet)
                  00002aae    00000004                   : timer.obj (.text:TimerIntClear)
                  00002ab2    00000004                   : uart.obj (.text:UARTIntClear)
                  00002ab6    00000004     rtsv7M4_T_le_v4SPD16_eabi.lib : pre_init.obj (.text)
                  00002aba    00000002                                   : startup.obj (.text)

.const     0    00002abc    000002d4     
                  00002abc    00000090     driverlib.lib : gpio.obj (.const:g_pui32GPIOBaseAddrs)
                  00002b4c    00000070                   : interrupt.obj (.const)
                  00002bbc    0000006c                   : sysctl.obj (.const:g_pui32Xtals)
                  00002c28    00000060                   : timer.obj (.const:g_ppui32TimerIntMap)
                  00002c88    00000040                   : timer.obj (.const:g_ppui32TimerIntMapSnowflake)
                  00002cc8    00000040                   : uart.obj (.const:g_ppui32UARTIntMap)
                  00002d08    00000040                   : uart.obj (.const:g_ppui32UARTIntMapSnowflake)
                  00002d48    00000018     uartstdio.obj (.const:g_ui32UARTBase)
                  00002d60    00000018     uartstdio.obj (.const:g_ui32UARTPeriph)
                  00002d78    00000012     uartstdio.obj (.const:.string)
                  00002d8a    00000002     --HOLE-- [fill = 0]
                  00002d8c    00000004     uartstdio.obj (.const)

.cinit     0    00002d90    00000048     
                  00002d90    00000011     (.cinit..data.load) [load image, compression = lzss]
                  00002da1    00000003     --HOLE-- [fill = 0]
                  00002da4    0000000c     (__TI_handler_table)
                  00002db0    00000008     (.cinit..bss.load) [load image, compression = zero_init]
                  00002db8    00000008     (.cinit..vtable.load) [load image, compression = zero_init]
                  00002dc0    00000018     (__TI_cinit_table)

.init_array 
*          0    00000000    00000000     UNINITIALIZED

.vtable    0    20000000    0000026c     UNINITIALIZED
                  20000000    0000026c     driverlib.lib : interrupt.obj (.vtable)

.stack     0    2000026c    00007530     UNINITIALIZED
                  2000026c    00007530     --HOLE--

.bss       0    2000779c    0000042a     UNINITIALIZED
                  2000779c    00000181     (.common:buffer1)
                  2000791d    00000181     (.common:buffer2)
                  20007a9e    00000080     (.common:binarized)
                  20007b1e    00000002     (.common:prev_steer)
                  20007b20    0000001c     (.common:frame0)
                  20007b3c    0000001c     (.common:frame1)
                  20007b58    0000001c     (.common:frame2)
                  20007b74    0000001c     (.common:frame3)
                  20007b90    0000001c     (.common:frame4)
                  20007bac    00000004     (.common:buffer)
                  20007bb0    00000004     (.common:current)
                  20007bb4    00000004     (.common:current_buffer)
                  20007bb8    00000004     (.common:head)
                  20007bbc    00000004     (.common:line_count)
                  20007bc0    00000004     (.common:tail)
                  20007bc4    00000001     (.common:current_buffer_count)
                  20007bc5    00000001     (.common:isBuffer1)

.data      0    20007bc8    00000020     UNINITIALIZED
                  20007bc8    0000000c     rtsv7M4_T_le_v4SPD16_eabi.lib : exit.obj (.data:$O1$$)
                  20007bd4    00000008                                   : _lock.obj (.data:$O1$$)
                  20007bdc    00000005     uartstdio.obj (.data)
                  20007be1    00000003     --HOLE--
                  20007be4    00000004     rtsv7M4_T_le_v4SPD16_eabi.lib : stkdepth_vars.obj (.data)

MODULE SUMMARY

       Module                         code    ro data   rw data
       ------                         ----    -------   -------
    .\
       main.obj                       3812    0         1066   
       tsl1401.obj                    956     0         0      
       tm4c123gh6pm_startup_ccs.obj   12      620       0      
       uart.obj                       484     0         0      
       motor.obj                      316     0         0      
       servo.obj                      164     0         0      
    +--+------------------------------+-------+---------+---------+
       Total:                         5744    620       1066   
                                                               
    .\utils\
       uartstdio.obj                  1244    70        5      
    +--+------------------------------+-------+---------+---------+
       Total:                         1244    70        5      
                                                               
    C:/ti/TivaWare_C_Series-2.1.3.156/driverlib/ccs/Debug/driverlib.lib
       interrupt.obj                  172     112       620    
       gpio.obj                       462     144       0      
       sysctl.obj                     344     108       0      
       uart.obj                       158     128       0      
       timer.obj                      122     160       0      
       adc.obj                        208     0         0      
       pwm.obj                        110     0         0      
       cpu.obj                        12      0         0      
    +--+------------------------------+-------+---------+---------+
       Total:                         1588    652       620    
                                                               
    C:\ti\ccsv7\tools\compiler\ti-cgt-arm_16.9.0.LTS\lib\rtsv7M4_T_le_v4SPD16_eabi.lib
       fd_add_t2.obj                  438     0         0      
       fd_div_t2.obj                  310     0         0      
       memcpy_t2.obj                  156     0         0      
       memset_t2.obj                  122     0         0      
       autoinit.obj                   112     0         0      
       copy_decompress_lzss.obj       104     0         0      
       exit.obj                       84      0         12     
       boot.obj                       84      0         0      
       cpy_tbl.obj                    76      0         0      
       fd_tou_t2.obj                  68      0         0      
       u_divt2.obj                    64      0         0      
       i_tofd_t2.obj                  46      0         0      
       _lock.obj                      20      0         8      
       args_main.obj                  24      0         0      
       copy_decompress_none.obj       14      0         0      
       copy_zero_init.obj             12      0         0      
       pre_init.obj                   4       0         0      
       stkdepth_vars.obj              0       0         4      
       i_div0.obj                     2       0         0      
       mpu_init.obj                   2       0         0      
       startup.obj                    2       0         0      
    +--+------------------------------+-------+---------+---------+
       Total:                         1744    0         24     
                                                               
       Stack:                         0       0         30000  
       Linker Generated:              0       69        0      
    +--+------------------------------+-------+---------+---------+
       Grand Total:                   10320   1411      31715  


LINKER GENERATED COPY TABLES

__TI_cinit_table @ 00002dc0 records: 3, size/record: 8, table size: 24
	.data: load addr=00002d90, load size=00000011 bytes, run addr=20007bc8, run size=00000020 bytes, compression=lzss
	.bss: load addr=00002db0, load size=00000008 bytes, run addr=2000779c, run size=0000042a bytes, compression=zero_init
	.vtable: load addr=00002db8, load size=00000008 bytes, run addr=20000000, run size=0000026c bytes, compression=zero_init


LINKER GENERATED HANDLER TABLE

__TI_handler_table @ 00002da4 records: 3, size/record: 4, table size: 12
	index: 0, handler: __TI_zero_init
	index: 1, handler: __TI_decompress_lzss
	index: 2, handler: __TI_decompress_none


GLOBAL SYMBOLS: SORTED ALPHABETICALLY BY Name 

address   name                           
-------   ----                           
000029f9  ADCIntEnable                   
00002929  ADCIntRegister                 
00002535  ADCSequenceConfigure           
00001b21  BTUARTSend                     
0000110f  BT_UART_IntHandler             
000025e1  C$$EXIT                        
00002a61  CPUcpsie                       
000019e9  ConfigureUART0                 
000028bf  GPIODirModeSet                 
00001ff7  GPIOPadConfigSet               
0000271d  GPIOPinConfigure               
000029b1  GPIOPinTypeADC                 
000029c3  GPIOPinTypePWM                 
00002aa3  GPIOPinWrite                   
00002465  IntEnable                      
00002a09  IntMasterEnable                
00002829  IntRegister                    
000028e9  PWMGenConfigure                
00002a6d  PWMGenEnable                   
00002a19  PWMGenPeriodSet                
000029d5  PWMOutputState                 
0000290b  PWMPulseWidthSet               
00001811  ReadFrame                      
00002a85  ResetISR                       
UNDEFED   SHT$$INIT_ARRAY$$Base          
UNDEFED   SHT$$INIT_ARRAY$$Limit         
00002129  SysCtlClockGet                 
00002989  SysCtlPWMClockSet              
0000285d  SysCtlPeripheralEnable         
00001809  TSL1401ADC_IntHandler          
0000162d  TSL1401Config                  
000017b9  TSL1401Timer_IntHandler        
00002aaf  TimerIntClear                  
00002941  TimerIntRegister               
000029e7  TimerLoadSet                   
000018d7  TriggerADC                     
000010d9  UART0_IntHandler               
00002a29  UARTCharGetNonBlocking         
00002a37  UARTCharPutNonBlocking         
00002a45  UARTCharsAvail                 
00002aa9  UARTClockSourceSet             
00002ab3  UARTIntClear                   
00002a9b  UARTIntEnable                  
00002959  UARTIntRegister                
00002a91  UARTIntStatus                  
00001151  UARTStdioConfig                
000012c9  UARTgetc                       
00001203  UARTgets                       
000015f7  UARTprintf                     
000012fd  UARTvprintf                    
000011b1  UARTwrite                      
2000779c  __STACK_END                    
00007530  __STACK_SIZE                   
2000046c  __STACK_TOP                    
00002dc0  __TI_CINIT_Base                
00002dd8  __TI_CINIT_Limit               
00002da4  __TI_Handler_Table_Base        
00002db0  __TI_Handler_Table_Limit       
000023f5  __TI_auto_init                 
20007bc8  __TI_cleanup_ptr               
000024cd  __TI_decompress_lzss           
00002a53  __TI_decompress_none           
20007bcc  __TI_dtors_ptr                 
20007bd0  __TI_enable_exit_profile_output
ffffffff  __TI_pprof_out_hndl            
ffffffff  __TI_prof_data_size            
ffffffff  __TI_prof_data_start           
00000000  __TI_static_base__             
00002a79  __TI_zero_init                 
00002765  __aeabi_d2uiz                  
00001bd7  __aeabi_dadd                   
00001ec1  __aeabi_ddiv                   
00001bcd  __aeabi_dsub                   
00002891  __aeabi_i2d                    
00001d83  __aeabi_idiv0                  
00002379  __aeabi_memclr                 
00002379  __aeabi_memclr4                
00002379  __aeabi_memclr8                
000022dd  __aeabi_memcpy                 
000022dd  __aeabi_memcpy4                
000022dd  __aeabi_memcpy8                
0000237b  __aeabi_memset                 
0000237b  __aeabi_memset4                
0000237b  __aeabi_memset8                
000027e9  __aeabi_uidiv                  
000027e9  __aeabi_uidivmod               
ffffffff  __binit__                      
ffffffff  __c_args__                     
000023f3  __mpu_init                     
2000026c  __stack                        
00002971  _args_main                     
0000258d  _c_int00                       
20007bd4  _lock                          
000029ab  _nop                           
000029a3  _register_lock                 
0000299d  _register_unlock               
00002abb  _system_post_cinit             
00002ab7  _system_pre_init               
20007bd8  _unlock                        
000025e5  abort                          
20007a9e  binarized                      
ffffffff  binit                          
00001ac5  bluetooth_configure            
00001a59  bluetooth_init                 
20007bac  buffer                         
2000779c  buffer1                        
2000791d  buffer2                        
000026d1  copy_in                        
20007bb0  current                        
20007bb4  current_buffer                 
20007bc4  current_buffer_count           
000025ed  exit                           
20007b20  frame0                         
20007b3c  frame1                         
20007b58  frame2                         
20007b74  frame3                         
20007b90  frame4                         
20000000  g_pfnRAMVectors                
00000000  g_pfnVectors                   
000007a9  get_derivative                 
00000803  get_integral                   
00000793  get_proportional               
0000089d  gray2bw                        
20007bb8  head                           
20007bc5  isBuffer1                      
20007bbc  line_count                     
0000026d  main                           
20007be4  main_func_sp                   
000022dd  memcpy                         
00002381  memset                         
00001d85  motor_init                     
00001e39  motor_update                   
20007b1e  prev_steer                     
000002e9  process_frame                  
00002239  servo_init                     
000022a5  servo_update                   
00000989  set_current_state              
00000559  set_steer                      
20007bc0  tail                           


GLOBAL SYMBOLS: SORTED BY Symbol Address 

address   name                           
-------   ----                           
00000000  __TI_static_base__             
00000000  g_pfnVectors                   
0000026d  main                           
000002e9  process_frame                  
00000559  set_steer                      
00000793  get_proportional               
000007a9  get_derivative                 
00000803  get_integral                   
0000089d  gray2bw                        
00000989  set_current_state              
000010d9  UART0_IntHandler               
0000110f  BT_UART_IntHandler             
00001151  UARTStdioConfig                
000011b1  UARTwrite                      
00001203  UARTgets                       
000012c9  UARTgetc                       
000012fd  UARTvprintf                    
000015f7  UARTprintf                     
0000162d  TSL1401Config                  
000017b9  TSL1401Timer_IntHandler        
00001809  TSL1401ADC_IntHandler          
00001811  ReadFrame                      
000018d7  TriggerADC                     
000019e9  ConfigureUART0                 
00001a59  bluetooth_init                 
00001ac5  bluetooth_configure            
00001b21  BTUARTSend                     
00001bcd  __aeabi_dsub                   
00001bd7  __aeabi_dadd                   
00001d83  __aeabi_idiv0                  
00001d85  motor_init                     
00001e39  motor_update                   
00001ec1  __aeabi_ddiv                   
00001ff7  GPIOPadConfigSet               
00002129  SysCtlClockGet                 
00002239  servo_init                     
000022a5  servo_update                   
000022dd  __aeabi_memcpy                 
000022dd  __aeabi_memcpy4                
000022dd  __aeabi_memcpy8                
000022dd  memcpy                         
00002379  __aeabi_memclr                 
00002379  __aeabi_memclr4                
00002379  __aeabi_memclr8                
0000237b  __aeabi_memset                 
0000237b  __aeabi_memset4                
0000237b  __aeabi_memset8                
00002381  memset                         
000023f3  __mpu_init                     
000023f5  __TI_auto_init                 
00002465  IntEnable                      
000024cd  __TI_decompress_lzss           
00002535  ADCSequenceConfigure           
0000258d  _c_int00                       
000025e1  C$$EXIT                        
000025e5  abort                          
000025ed  exit                           
000026d1  copy_in                        
0000271d  GPIOPinConfigure               
00002765  __aeabi_d2uiz                  
000027e9  __aeabi_uidiv                  
000027e9  __aeabi_uidivmod               
00002829  IntRegister                    
0000285d  SysCtlPeripheralEnable         
00002891  __aeabi_i2d                    
000028bf  GPIODirModeSet                 
000028e9  PWMGenConfigure                
0000290b  PWMPulseWidthSet               
00002929  ADCIntRegister                 
00002941  TimerIntRegister               
00002959  UARTIntRegister                
00002971  _args_main                     
00002989  SysCtlPWMClockSet              
0000299d  _register_unlock               
000029a3  _register_lock                 
000029ab  _nop                           
000029b1  GPIOPinTypeADC                 
000029c3  GPIOPinTypePWM                 
000029d5  PWMOutputState                 
000029e7  TimerLoadSet                   
000029f9  ADCIntEnable                   
00002a09  IntMasterEnable                
00002a19  PWMGenPeriodSet                
00002a29  UARTCharGetNonBlocking         
00002a37  UARTCharPutNonBlocking         
00002a45  UARTCharsAvail                 
00002a53  __TI_decompress_none           
00002a61  CPUcpsie                       
00002a6d  PWMGenEnable                   
00002a79  __TI_zero_init                 
00002a85  ResetISR                       
00002a91  UARTIntStatus                  
00002a9b  UARTIntEnable                  
00002aa3  GPIOPinWrite                   
00002aa9  UARTClockSourceSet             
00002aaf  TimerIntClear                  
00002ab3  UARTIntClear                   
00002ab7  _system_pre_init               
00002abb  _system_post_cinit             
00002da4  __TI_Handler_Table_Base        
00002db0  __TI_Handler_Table_Limit       
00002dc0  __TI_CINIT_Base                
00002dd8  __TI_CINIT_Limit               
00007530  __STACK_SIZE                   
20000000  g_pfnRAMVectors                
2000026c  __stack                        
2000046c  __STACK_TOP                    
2000779c  __STACK_END                    
2000779c  buffer1                        
2000791d  buffer2                        
20007a9e  binarized                      
20007b1e  prev_steer                     
20007b20  frame0                         
20007b3c  frame1                         
20007b58  frame2                         
20007b74  frame3                         
20007b90  frame4                         
20007bac  buffer                         
20007bb0  current                        
20007bb4  current_buffer                 
20007bb8  head                           
20007bbc  line_count                     
20007bc0  tail                           
20007bc4  current_buffer_count           
20007bc5  isBuffer1                      
20007bc8  __TI_cleanup_ptr               
20007bcc  __TI_dtors_ptr                 
20007bd0  __TI_enable_exit_profile_output
20007bd4  _lock                          
20007bd8  _unlock                        
20007be4  main_func_sp                   
ffffffff  __TI_pprof_out_hndl            
ffffffff  __TI_prof_data_size            
ffffffff  __TI_prof_data_start           
ffffffff  __binit__                      
ffffffff  __c_args__                     
ffffffff  binit                          
UNDEFED   SHT$$INIT_ARRAY$$Base          
UNDEFED   SHT$$INIT_ARRAY$$Limit         

[139 symbols]
