******************************************************************************
                  TI ARM Linker PC v16.9.0                     
******************************************************************************
>> Linked Thu Mar 23 02:32:05 2017

OUTPUT FILE NAME:   <NATCAR.out>
ENTRY POINT SYMBOL: "_c_int00"  address: 0000268d


MEMORY CONFIGURATION

         name            origin    length      used     unused   attr    fill
----------------------  --------  ---------  --------  --------  ----  --------
  FLASH                 00000000   00040000  00002f20  0003d0e0  R  X
  SRAM                  20000000   00008000  00007be4  0000041c  RW X


SEGMENT ALLOCATION MAP

run origin  load origin   length   init length attrs members
----------  ----------- ---------- ----------- ----- -------
00000000    00000000    00002f20   00002f20    r-x
  00000000    00000000    0000026c   0000026c    r-- .intvecs
  0000026c    0000026c    00002998   00002998    r-x .text
  00002c04    00002c04    000002d4   000002d4    r-- .const
  00002ed8    00002ed8    00000048   00000048    r-- .cinit
20000000    20000000    00007be4   00000000    rw-
  20000000    20000000    0000026c   00000000    rw- .vtable
  2000026c    2000026c    00007530   00000000    rw- .stack
  2000779c    2000779c    00000428   00000000    rw- .bss
  20007bc4    20007bc4    00000020   00000000    rw- .data


SECTION ALLOCATION MAP

 output                                  attributes/
section   page    origin      length       input sections
--------  ----  ----------  ----------   ----------------
.intvecs   0    00000000    0000026c     
                  00000000    0000026c     tm4c123gh6pm_startup_ccs.obj (.intvecs)

.text      0    0000026c    00002998     
                  0000026c    00000ef4     main.obj (.text)
                  00001160    000004dc     uartstdio.obj (.text)
                  0000163c    000003b0     tsl1401.obj (.text)
                  000019ec    000001e4     uart.obj (.text)
                  00001bd0    000001b6     rtsv7M4_T_le_v4SPD16_eabi.lib : fd_add_t2.obj (.text)
                  00001d86    00000002                                   : i_div0.obj (.text)
                  00001d88    0000013c     motor.obj (.text)
                  00001ec4    00000136     rtsv7M4_T_le_v4SPD16_eabi.lib : fd_div_t2.obj (.text)
                  00001ffa    00000132     driverlib.lib : gpio.obj (.text:GPIOPadConfigSet)
                  0000212c    00000110                   : sysctl.obj (.text:SysCtlClockGet)
                  0000223c    000000fc     rtsv7M4_T_le_v4SPD16_eabi.lib : fd_mul_t2.obj (.text)
                  00002338    000000a4     servo.obj (.text)
                  000023dc    0000009c     rtsv7M4_T_le_v4SPD16_eabi.lib : memcpy_t2.obj (.text)
                  00002478    0000007a                                   : memset_t2.obj (.text)
                  000024f2    00000002                                   : mpu_init.obj (.text)
                  000024f4    00000070                                   : autoinit.obj (.text)
                  00002564    00000068     driverlib.lib : interrupt.obj (.text:IntEnable)
                  000025cc    00000068     rtsv7M4_T_le_v4SPD16_eabi.lib : copy_decompress_lzss.obj (.text:decompress:lzss)
                  00002634    00000058     driverlib.lib : adc.obj (.text:ADCSequenceConfigure)
                  0000268c    00000054     rtsv7M4_T_le_v4SPD16_eabi.lib : boot.obj (.text)
                  000026e0    00000054                                   : exit.obj (.text)
                  00002734    00000050     driverlib.lib : adc.obj (.text:_ADCIntNumberGet)
                  00002784    0000004c                   : timer.obj (.text:_TimerIntNumberGet)
                  000027d0    0000004c     rtsv7M4_T_le_v4SPD16_eabi.lib : cpy_tbl.obj (.text)
                  0000281c    00000048     driverlib.lib : gpio.obj (.text:GPIOPinConfigure)
                  00002864    00000048     rtsv7M4_T_le_v4SPD16_eabi.lib : fd_toi_t2.obj (.text)
                  000028ac    00000044                                   : fd_tou_t2.obj (.text)
                  000028f0    00000040     driverlib.lib : uart.obj (.text:_UARTIntNumberGet)
                  00002930    00000040     rtsv7M4_T_le_v4SPD16_eabi.lib : u_divt2.obj (.text)
                  00002970    00000034     driverlib.lib : interrupt.obj (.text:IntRegister)
                  000029a4    00000034                   : sysctl.obj (.text:SysCtlPeripheralEnable)
                  000029d8    0000002e     rtsv7M4_T_le_v4SPD16_eabi.lib : i_tofd_t2.obj (.text)
                  00002a06    0000002a     driverlib.lib : gpio.obj (.text:GPIODirModeSet)
                  00002a30    00000022                   : pwm.obj (.text:PWMGenConfigure)
                  00002a52    0000001e                   : pwm.obj (.text:PWMPulseWidthSet)
                  00002a70    00000018                   : adc.obj (.text:ADCIntRegister)
                  00002a88    00000018                   : timer.obj (.text:TimerIntRegister)
                  00002aa0    00000018                   : uart.obj (.text:UARTIntRegister)
                  00002ab8    00000018     rtsv7M4_T_le_v4SPD16_eabi.lib : args_main.obj (.text)
                  00002ad0    00000014     driverlib.lib : sysctl.obj (.text:SysCtlPWMClockSet)
                  00002ae4    00000014     rtsv7M4_T_le_v4SPD16_eabi.lib : _lock.obj (.text)
                  00002af8    00000012     driverlib.lib : gpio.obj (.text:GPIOPinTypeADC)
                  00002b0a    00000012                   : gpio.obj (.text:GPIOPinTypePWM)
                  00002b1c    00000012                   : pwm.obj (.text:PWMOutputState)
                  00002b2e    00000012                   : timer.obj (.text:TimerLoadSet)
                  00002b40    00000010                   : adc.obj (.text:ADCIntEnable)
                  00002b50    00000010                   : interrupt.obj (.text:IntMasterEnable)
                  00002b60    00000010                   : pwm.obj (.text:PWMGenPeriodSet)
                  00002b70    0000000e                   : uart.obj (.text:UARTCharGetNonBlocking)
                  00002b7e    0000000e                   : uart.obj (.text:UARTCharPutNonBlocking)
                  00002b8c    0000000e                   : uart.obj (.text:UARTCharsAvail)
                  00002b9a    0000000e     rtsv7M4_T_le_v4SPD16_eabi.lib : copy_decompress_none.obj (.text:decompress:none)
                  00002ba8    0000000c     driverlib.lib : cpu.obj (.text:CPUcpsie)
                  00002bb4    0000000c                   : pwm.obj (.text:PWMGenEnable)
                  00002bc0    0000000c     rtsv7M4_T_le_v4SPD16_eabi.lib : copy_zero_init.obj (.text:decompress:ZI)
                  00002bcc    0000000c     tm4c123gh6pm_startup_ccs.obj (.text)
                  00002bd8    0000000a     driverlib.lib : uart.obj (.text:UARTIntStatus)
                  00002be2    00000008                   : uart.obj (.text:UARTIntEnable)
                  00002bea    00000006                   : gpio.obj (.text:GPIOPinWrite)
                  00002bf0    00000006                   : uart.obj (.text:UARTClockSourceSet)
                  00002bf6    00000004                   : timer.obj (.text:TimerIntClear)
                  00002bfa    00000004                   : uart.obj (.text:UARTIntClear)
                  00002bfe    00000004     rtsv7M4_T_le_v4SPD16_eabi.lib : pre_init.obj (.text)
                  00002c02    00000002                                   : startup.obj (.text)

.const     0    00002c04    000002d4     
                  00002c04    00000090     driverlib.lib : gpio.obj (.const:g_pui32GPIOBaseAddrs)
                  00002c94    00000070                   : interrupt.obj (.const)
                  00002d04    0000006c                   : sysctl.obj (.const:g_pui32Xtals)
                  00002d70    00000060                   : timer.obj (.const:g_ppui32TimerIntMap)
                  00002dd0    00000040                   : timer.obj (.const:g_ppui32TimerIntMapSnowflake)
                  00002e10    00000040                   : uart.obj (.const:g_ppui32UARTIntMap)
                  00002e50    00000040                   : uart.obj (.const:g_ppui32UARTIntMapSnowflake)
                  00002e90    00000018     uartstdio.obj (.const:g_ui32UARTBase)
                  00002ea8    00000018     uartstdio.obj (.const:g_ui32UARTPeriph)
                  00002ec0    00000012     uartstdio.obj (.const:.string)
                  00002ed2    00000002     --HOLE-- [fill = 0]
                  00002ed4    00000004     uartstdio.obj (.const)

.cinit     0    00002ed8    00000048     
                  00002ed8    00000011     (.cinit..data.load) [load image, compression = lzss]
                  00002ee9    00000003     --HOLE-- [fill = 0]
                  00002eec    0000000c     (__TI_handler_table)
                  00002ef8    00000008     (.cinit..bss.load) [load image, compression = zero_init]
                  00002f00    00000008     (.cinit..vtable.load) [load image, compression = zero_init]
                  00002f08    00000018     (__TI_cinit_table)

.init_array 
*          0    00000000    00000000     UNINITIALIZED

.vtable    0    20000000    0000026c     UNINITIALIZED
                  20000000    0000026c     driverlib.lib : interrupt.obj (.vtable)

.stack     0    2000026c    00007530     UNINITIALIZED
                  2000026c    00007530     --HOLE--

.bss       0    2000779c    00000428     UNINITIALIZED
                  2000779c    00000181     (.common:buffer1)
                  2000791d    00000181     (.common:buffer2)
                  20007a9e    00000080     (.common:binarized)
                  20007b1e    00000001     (.common:current_buffer_count)
                  20007b1f    00000001     (.common:isBuffer1)
                  20007b20    0000001c     (.common:frame0)
                  20007b3c    0000001c     (.common:frame1)
                  20007b58    0000001c     (.common:frame2)
                  20007b74    0000001c     (.common:frame3)
                  20007b90    0000001c     (.common:frame4)
                  20007bac    00000004     (.common:buffer)
                  20007bb0    00000004     (.common:current)
                  20007bb4    00000004     (.common:current_buffer)
                  20007bb8    00000004     (.common:head)
                  20007bbc    00000004     (.common:line_count)
                  20007bc0    00000004     (.common:tail)

.data      0    20007bc4    00000020     UNINITIALIZED
                  20007bc4    0000000c     rtsv7M4_T_le_v4SPD16_eabi.lib : exit.obj (.data:$O1$$)
                  20007bd0    00000008                                   : _lock.obj (.data:$O1$$)
                  20007bd8    00000005     uartstdio.obj (.data)
                  20007bdd    00000003     --HOLE--
                  20007be0    00000004     rtsv7M4_T_le_v4SPD16_eabi.lib : stkdepth_vars.obj (.data)

MODULE SUMMARY

       Module                         code    ro data   rw data
       ------                         ----    -------   -------
    .\
       main.obj                       3828    0         1059   
       tsl1401.obj                    944     0         5      
       tm4c123gh6pm_startup_ccs.obj   12      620       0      
       uart.obj                       484     0         0      
       motor.obj                      316     0         0      
       servo.obj                      164     0         0      
    +--+------------------------------+-------+---------+---------+
       Total:                         5748    620       1064   
                                                               
    .\utils\
       uartstdio.obj                  1244    70        5      
    +--+------------------------------+-------+---------+---------+
       Total:                         1244    70        5      
                                                               
    C:/ti/TivaWare_C_Series-2.1.3.156/driverlib/ccs/Debug/driverlib.lib
       interrupt.obj                  172     112       620    
       gpio.obj                       462     144       0      
       sysctl.obj                     344     108       0      
       uart.obj                       158     128       0      
       timer.obj                      122     160       0      
       adc.obj                        208     0         0      
       pwm.obj                        110     0         0      
       cpu.obj                        12      0         0      
    +--+------------------------------+-------+---------+---------+
       Total:                         1588    652       620    
                                                               
    C:\ti\ccsv7\tools\compiler\ti-cgt-arm_16.9.0.LTS\lib\rtsv7M4_T_le_v4SPD16_eabi.lib
       fd_add_t2.obj                  438     0         0      
       fd_div_t2.obj                  310     0         0      
       fd_mul_t2.obj                  252     0         0      
       memcpy_t2.obj                  156     0         0      
       memset_t2.obj                  122     0         0      
       autoinit.obj                   112     0         0      
       copy_decompress_lzss.obj       104     0         0      
       exit.obj                       84      0         12     
       boot.obj                       84      0         0      
       cpy_tbl.obj                    76      0         0      
       fd_toi_t2.obj                  72      0         0      
       fd_tou_t2.obj                  68      0         0      
       u_divt2.obj                    64      0         0      
       i_tofd_t2.obj                  46      0         0      
       _lock.obj                      20      0         8      
       args_main.obj                  24      0         0      
       copy_decompress_none.obj       14      0         0      
       copy_zero_init.obj             12      0         0      
       pre_init.obj                   4       0         0      
       stkdepth_vars.obj              0       0         4      
       i_div0.obj                     2       0         0      
       mpu_init.obj                   2       0         0      
       startup.obj                    2       0         0      
    +--+------------------------------+-------+---------+---------+
       Total:                         2068    0         24     
                                                               
       Stack:                         0       0         30000  
       Linker Generated:              0       69        0      
    +--+------------------------------+-------+---------+---------+
       Grand Total:                   10648   1411      31713  


LINKER GENERATED COPY TABLES

__TI_cinit_table @ 00002f08 records: 3, size/record: 8, table size: 24
	.data: load addr=00002ed8, load size=00000011 bytes, run addr=20007bc4, run size=00000020 bytes, compression=lzss
	.bss: load addr=00002ef8, load size=00000008 bytes, run addr=2000779c, run size=00000428 bytes, compression=zero_init
	.vtable: load addr=00002f00, load size=00000008 bytes, run addr=20000000, run size=0000026c bytes, compression=zero_init


LINKER GENERATED HANDLER TABLE

__TI_handler_table @ 00002eec records: 3, size/record: 4, table size: 12
	index: 0, handler: __TI_zero_init
	index: 1, handler: __TI_decompress_lzss
	index: 2, handler: __TI_decompress_none


GLOBAL SYMBOLS: SORTED ALPHABETICALLY BY Name 

address   name                           
-------   ----                           
00002b41  ADCIntEnable                   
00002a71  ADCIntRegister                 
00002635  ADCSequenceConfigure           
00001b25  BTUARTSend                     
0000111b  BT_UART_IntHandler             
000026e1  C$$EXIT                        
00002ba9  CPUcpsie                       
000019ed  ConfigureUART0                 
00002a07  GPIODirModeSet                 
00001ffb  GPIOPadConfigSet               
0000281d  GPIOPinConfigure               
00002af9  GPIOPinTypeADC                 
00002b0b  GPIOPinTypePWM                 
00002beb  GPIOPinWrite                   
00002565  IntEnable                      
00002b51  IntMasterEnable                
00002971  IntRegister                    
00002a31  PWMGenConfigure                
00002bb5  PWMGenEnable                   
00002b61  PWMGenPeriodSet                
00002b1d  PWMOutputState                 
00002a53  PWMPulseWidthSet               
0000181b  ReadFrame                      
00002bcd  ResetISR                       
UNDEFED   SHT$$INIT_ARRAY$$Base          
UNDEFED   SHT$$INIT_ARRAY$$Limit         
0000212d  SysCtlClockGet                 
00002ad1  SysCtlPWMClockSet              
000029a5  SysCtlPeripheralEnable         
00001813  TSL1401ADC_IntHandler          
0000163d  TSL1401Config                  
000017c3  TSL1401Timer_IntHandler        
00002bf7  TimerIntClear                  
00002a89  TimerIntRegister               
00002b2f  TimerLoadSet                   
000018e1  TriggerADC                     
000010e5  UART0_IntHandler               
00002b71  UARTCharGetNonBlocking         
00002b7f  UARTCharPutNonBlocking         
00002b8d  UARTCharsAvail                 
00002bf1  UARTClockSourceSet             
00002bfb  UARTIntClear                   
00002be3  UARTIntEnable                  
00002aa1  UARTIntRegister                
00002bd9  UARTIntStatus                  
00001161  UARTStdioConfig                
000012d9  UARTgetc                       
00001213  UARTgets                       
00001607  UARTprintf                     
0000130d  UARTvprintf                    
000011c1  UARTwrite                      
2000779c  __STACK_END                    
00007530  __STACK_SIZE                   
2000046c  __STACK_TOP                    
00002f08  __TI_CINIT_Base                
00002f20  __TI_CINIT_Limit               
00002eec  __TI_Handler_Table_Base        
00002ef8  __TI_Handler_Table_Limit       
000024f5  __TI_auto_init                 
20007bc4  __TI_cleanup_ptr               
000025cd  __TI_decompress_lzss           
00002b9b  __TI_decompress_none           
20007bc8  __TI_dtors_ptr                 
20007bcc  __TI_enable_exit_profile_output
ffffffff  __TI_pprof_out_hndl            
ffffffff  __TI_prof_data_size            
ffffffff  __TI_prof_data_start           
00000000  __TI_static_base__             
00002bc1  __TI_zero_init                 
00002865  __aeabi_d2iz                   
000028ad  __aeabi_d2uiz                  
00001bdb  __aeabi_dadd                   
00001ec5  __aeabi_ddiv                   
0000223d  __aeabi_dmul                   
00001bd1  __aeabi_dsub                   
000029d9  __aeabi_i2d                    
00001d87  __aeabi_idiv0                  
00002479  __aeabi_memclr                 
00002479  __aeabi_memclr4                
00002479  __aeabi_memclr8                
000023dd  __aeabi_memcpy                 
000023dd  __aeabi_memcpy4                
000023dd  __aeabi_memcpy8                
0000247b  __aeabi_memset                 
0000247b  __aeabi_memset4                
0000247b  __aeabi_memset8                
00002931  __aeabi_uidiv                  
00002931  __aeabi_uidivmod               
ffffffff  __binit__                      
ffffffff  __c_args__                     
000024f3  __mpu_init                     
2000026c  __stack                        
00002ab9  _args_main                     
0000268d  _c_int00                       
20007bd0  _lock                          
00002af3  _nop                           
00002aeb  _register_lock                 
00002ae5  _register_unlock               
00002c03  _system_post_cinit             
00002bff  _system_pre_init               
20007bd4  _unlock                        
000026e5  abort                          
20007a9e  binarized                      
ffffffff  binit                          
00001ac9  bluetooth_configure            
00001a5d  bluetooth_init                 
20007bac  buffer                         
2000779c  buffer1                        
2000791d  buffer2                        
000027d1  copy_in                        
20007bb0  current                        
20007bb4  current_buffer                 
20007b1e  current_buffer_count           
000026ed  exit                           
20007b20  frame0                         
20007b3c  frame1                         
20007b58  frame2                         
20007b74  frame3                         
20007b90  frame4                         
20000000  g_pfnRAMVectors                
00000000  g_pfnVectors                   
000007d7  get_derivative                 
00000849  get_integral                   
000007b5  get_proportional               
000008c9  gray2bw                        
20007bb8  head                           
20007b1f  isBuffer1                      
20007bbc  line_count                     
0000026d  main                           
20007be0  main_func_sp                   
000023dd  memcpy                         
00002481  memset                         
00001d89  motor_init                     
00001e3d  motor_update                   
000002e9  process_frame                  
00002339  servo_init                     
000023a5  servo_update                   
00000999  set_current_state              
00000559  set_steer                      
20007bc0  tail                           


GLOBAL SYMBOLS: SORTED BY Symbol Address 

address   name                           
-------   ----                           
00000000  __TI_static_base__             
00000000  g_pfnVectors                   
0000026d  main                           
000002e9  process_frame                  
00000559  set_steer                      
000007b5  get_proportional               
000007d7  get_derivative                 
00000849  get_integral                   
000008c9  gray2bw                        
00000999  set_current_state              
000010e5  UART0_IntHandler               
0000111b  BT_UART_IntHandler             
00001161  UARTStdioConfig                
000011c1  UARTwrite                      
00001213  UARTgets                       
000012d9  UARTgetc                       
0000130d  UARTvprintf                    
00001607  UARTprintf                     
0000163d  TSL1401Config                  
000017c3  TSL1401Timer_IntHandler        
00001813  TSL1401ADC_IntHandler          
0000181b  ReadFrame                      
000018e1  TriggerADC                     
000019ed  ConfigureUART0                 
00001a5d  bluetooth_init                 
00001ac9  bluetooth_configure            
00001b25  BTUARTSend                     
00001bd1  __aeabi_dsub                   
00001bdb  __aeabi_dadd                   
00001d87  __aeabi_idiv0                  
00001d89  motor_init                     
00001e3d  motor_update                   
00001ec5  __aeabi_ddiv                   
00001ffb  GPIOPadConfigSet               
0000212d  SysCtlClockGet                 
0000223d  __aeabi_dmul                   
00002339  servo_init                     
000023a5  servo_update                   
000023dd  __aeabi_memcpy                 
000023dd  __aeabi_memcpy4                
000023dd  __aeabi_memcpy8                
000023dd  memcpy                         
00002479  __aeabi_memclr                 
00002479  __aeabi_memclr4                
00002479  __aeabi_memclr8                
0000247b  __aeabi_memset                 
0000247b  __aeabi_memset4                
0000247b  __aeabi_memset8                
00002481  memset                         
000024f3  __mpu_init                     
000024f5  __TI_auto_init                 
00002565  IntEnable                      
000025cd  __TI_decompress_lzss           
00002635  ADCSequenceConfigure           
0000268d  _c_int00                       
000026e1  C$$EXIT                        
000026e5  abort                          
000026ed  exit                           
000027d1  copy_in                        
0000281d  GPIOPinConfigure               
00002865  __aeabi_d2iz                   
000028ad  __aeabi_d2uiz                  
00002931  __aeabi_uidiv                  
00002931  __aeabi_uidivmod               
00002971  IntRegister                    
000029a5  SysCtlPeripheralEnable         
000029d9  __aeabi_i2d                    
00002a07  GPIODirModeSet                 
00002a31  PWMGenConfigure                
00002a53  PWMPulseWidthSet               
00002a71  ADCIntRegister                 
00002a89  TimerIntRegister               
00002aa1  UARTIntRegister                
00002ab9  _args_main                     
00002ad1  SysCtlPWMClockSet              
00002ae5  _register_unlock               
00002aeb  _register_lock                 
00002af3  _nop                           
00002af9  GPIOPinTypeADC                 
00002b0b  GPIOPinTypePWM                 
00002b1d  PWMOutputState                 
00002b2f  TimerLoadSet                   
00002b41  ADCIntEnable                   
00002b51  IntMasterEnable                
00002b61  PWMGenPeriodSet                
00002b71  UARTCharGetNonBlocking         
00002b7f  UARTCharPutNonBlocking         
00002b8d  UARTCharsAvail                 
00002b9b  __TI_decompress_none           
00002ba9  CPUcpsie                       
00002bb5  PWMGenEnable                   
00002bc1  __TI_zero_init                 
00002bcd  ResetISR                       
00002bd9  UARTIntStatus                  
00002be3  UARTIntEnable                  
00002beb  GPIOPinWrite                   
00002bf1  UARTClockSourceSet             
00002bf7  TimerIntClear                  
00002bfb  UARTIntClear                   
00002bff  _system_pre_init               
00002c03  _system_post_cinit             
00002eec  __TI_Handler_Table_Base        
00002ef8  __TI_Handler_Table_Limit       
00002f08  __TI_CINIT_Base                
00002f20  __TI_CINIT_Limit               
00007530  __STACK_SIZE                   
20000000  g_pfnRAMVectors                
2000026c  __stack                        
2000046c  __STACK_TOP                    
2000779c  __STACK_END                    
2000779c  buffer1                        
2000791d  buffer2                        
20007a9e  binarized                      
20007b1e  current_buffer_count           
20007b1f  isBuffer1                      
20007b20  frame0                         
20007b3c  frame1                         
20007b58  frame2                         
20007b74  frame3                         
20007b90  frame4                         
20007bac  buffer                         
20007bb0  current                        
20007bb4  current_buffer                 
20007bb8  head                           
20007bbc  line_count                     
20007bc0  tail                           
20007bc4  __TI_cleanup_ptr               
20007bc8  __TI_dtors_ptr                 
20007bcc  __TI_enable_exit_profile_output
20007bd0  _lock                          
20007bd4  _unlock                        
20007be0  main_func_sp                   
ffffffff  __TI_pprof_out_hndl            
ffffffff  __TI_prof_data_size            
ffffffff  __TI_prof_data_start           
ffffffff  __binit__                      
ffffffff  __c_args__                     
ffffffff  binit                          
UNDEFED   SHT$$INIT_ARRAY$$Base          
UNDEFED   SHT$$INIT_ARRAY$$Limit         

[140 symbols]
