<?xml version="1.0"?>
<link_info>
   <banner>TI ARM Linker PC v16.9.0.LTS</banner>
   <copyright>Copyright (c) 1996-2015 Texas Instruments Incorporated</copyright>
   <link_time>0x58c634b6</link_time>
   <link_errors>0x0</link_errors>
   <output_file>NATCAR.out</output_file>
   <entry_point>
      <name>_c_int00</name>
      <address>0x258d</address>
   </entry_point>
   <input_file_list>
      <input_file id="fl-2">
         <path>.\</path>
         <kind>object</kind>
         <file>main.obj</file>
         <name>main.obj</name>
      </input_file>
      <input_file id="fl-3">
         <path>.\</path>
         <kind>object</kind>
         <file>motor.obj</file>
         <name>motor.obj</name>
      </input_file>
      <input_file id="fl-4">
         <path>.\</path>
         <kind>object</kind>
         <file>servo.obj</file>
         <name>servo.obj</name>
      </input_file>
      <input_file id="fl-5">
         <path>.\</path>
         <kind>object</kind>
         <file>tm4c123gh6pm_startup_ccs.obj</file>
         <name>tm4c123gh6pm_startup_ccs.obj</name>
      </input_file>
      <input_file id="fl-6">
         <path>.\</path>
         <kind>object</kind>
         <file>tsl1401.obj</file>
         <name>tsl1401.obj</name>
      </input_file>
      <input_file id="fl-7">
         <path>.\</path>
         <kind>object</kind>
         <file>uart.obj</file>
         <name>uart.obj</name>
      </input_file>
      <input_file id="fl-8">
         <path>.\utils\</path>
         <kind>object</kind>
         <file>cmdline.obj</file>
         <name>cmdline.obj</name>
      </input_file>
      <input_file id="fl-9">
         <path>.\utils\</path>
         <kind>object</kind>
         <file>uartstdio.obj</file>
         <name>uartstdio.obj</name>
      </input_file>
      <input_file id="fl-a">
         <path>.\utils\</path>
         <kind>object</kind>
         <file>ustdlib.obj</file>
         <name>ustdlib.obj</name>
      </input_file>
      <input_file id="fl-c5">
         <path>C:\ti\ccsv7\tools\compiler\ti-cgt-arm_16.9.0.LTS\lib\</path>
         <kind>archive</kind>
         <file>rtsv7M4_T_le_v4SPD16_eabi.lib</file>
         <name>boot.obj</name>
      </input_file>
      <input_file id="fl-c6">
         <path>C:\ti\ccsv7\tools\compiler\ti-cgt-arm_16.9.0.LTS\lib\</path>
         <kind>archive</kind>
         <file>rtsv7M4_T_le_v4SPD16_eabi.lib</file>
         <name>copy_decompress_lzss.obj</name>
      </input_file>
      <input_file id="fl-c7">
         <path>C:\ti\ccsv7\tools\compiler\ti-cgt-arm_16.9.0.LTS\lib\</path>
         <kind>archive</kind>
         <file>rtsv7M4_T_le_v4SPD16_eabi.lib</file>
         <name>copy_decompress_none.obj</name>
      </input_file>
      <input_file id="fl-c8">
         <path>C:\ti\ccsv7\tools\compiler\ti-cgt-arm_16.9.0.LTS\lib\</path>
         <kind>archive</kind>
         <file>rtsv7M4_T_le_v4SPD16_eabi.lib</file>
         <name>copy_zero_init.obj</name>
      </input_file>
      <input_file id="fl-c9">
         <path>C:\ti\ccsv7\tools\compiler\ti-cgt-arm_16.9.0.LTS\lib\</path>
         <kind>archive</kind>
         <file>rtsv7M4_T_le_v4SPD16_eabi.lib</file>
         <name>exit.obj</name>
      </input_file>
      <input_file id="fl-ca">
         <path>C:\ti\ccsv7\tools\compiler\ti-cgt-arm_16.9.0.LTS\lib\</path>
         <kind>archive</kind>
         <file>rtsv7M4_T_le_v4SPD16_eabi.lib</file>
         <name>fd_add_t2.obj</name>
      </input_file>
      <input_file id="fl-cb">
         <path>C:\ti\ccsv7\tools\compiler\ti-cgt-arm_16.9.0.LTS\lib\</path>
         <kind>archive</kind>
         <file>rtsv7M4_T_le_v4SPD16_eabi.lib</file>
         <name>fd_div_t2.obj</name>
      </input_file>
      <input_file id="fl-cc">
         <path>C:\ti\ccsv7\tools\compiler\ti-cgt-arm_16.9.0.LTS\lib\</path>
         <kind>archive</kind>
         <file>rtsv7M4_T_le_v4SPD16_eabi.lib</file>
         <name>fd_tou_t2.obj</name>
      </input_file>
      <input_file id="fl-cd">
         <path>C:\ti\ccsv7\tools\compiler\ti-cgt-arm_16.9.0.LTS\lib\</path>
         <kind>archive</kind>
         <file>rtsv7M4_T_le_v4SPD16_eabi.lib</file>
         <name>i_tofd_t2.obj</name>
      </input_file>
      <input_file id="fl-ce">
         <path>C:\ti\ccsv7\tools\compiler\ti-cgt-arm_16.9.0.LTS\lib\</path>
         <kind>archive</kind>
         <file>rtsv7M4_T_le_v4SPD16_eabi.lib</file>
         <name>memcpy_t2.obj</name>
      </input_file>
      <input_file id="fl-cf">
         <path>C:\ti\ccsv7\tools\compiler\ti-cgt-arm_16.9.0.LTS\lib\</path>
         <kind>archive</kind>
         <file>rtsv7M4_T_le_v4SPD16_eabi.lib</file>
         <name>memset_t2.obj</name>
      </input_file>
      <input_file id="fl-d0">
         <path>C:\ti\ccsv7\tools\compiler\ti-cgt-arm_16.9.0.LTS\lib\</path>
         <kind>archive</kind>
         <file>rtsv7M4_T_le_v4SPD16_eabi.lib</file>
         <name>mpu_init.obj</name>
      </input_file>
      <input_file id="fl-d1">
         <path>C:\ti\ccsv7\tools\compiler\ti-cgt-arm_16.9.0.LTS\lib\</path>
         <kind>archive</kind>
         <file>rtsv7M4_T_le_v4SPD16_eabi.lib</file>
         <name>pre_init.obj</name>
      </input_file>
      <input_file id="fl-d2">
         <path>C:\ti\ccsv7\tools\compiler\ti-cgt-arm_16.9.0.LTS\lib\</path>
         <kind>archive</kind>
         <file>rtsv7M4_T_le_v4SPD16_eabi.lib</file>
         <name>stkdepth_vars.obj</name>
      </input_file>
      <input_file id="fl-d3">
         <path>C:\ti\ccsv7\tools\compiler\ti-cgt-arm_16.9.0.LTS\lib\</path>
         <kind>archive</kind>
         <file>rtsv7M4_T_le_v4SPD16_eabi.lib</file>
         <name>strcmp.obj</name>
      </input_file>
      <input_file id="fl-d4">
         <path>C:\ti\ccsv7\tools\compiler\ti-cgt-arm_16.9.0.LTS\lib\</path>
         <kind>archive</kind>
         <file>rtsv7M4_T_le_v4SPD16_eabi.lib</file>
         <name>u_divt2.obj</name>
      </input_file>
      <input_file id="fl-d5">
         <path>C:\ti\ccsv7\tools\compiler\ti-cgt-arm_16.9.0.LTS\lib\</path>
         <kind>archive</kind>
         <file>rtsv7M4_T_le_v4SPD16_eabi.lib</file>
         <name>_lock.obj</name>
      </input_file>
      <input_file id="fl-d6">
         <path>C:\ti\ccsv7\tools\compiler\ti-cgt-arm_16.9.0.LTS\lib\</path>
         <kind>archive</kind>
         <file>rtsv7M4_T_le_v4SPD16_eabi.lib</file>
         <name>args_main.obj</name>
      </input_file>
      <input_file id="fl-d7">
         <path>C:\ti\ccsv7\tools\compiler\ti-cgt-arm_16.9.0.LTS\lib\</path>
         <kind>archive</kind>
         <file>rtsv7M4_T_le_v4SPD16_eabi.lib</file>
         <name>autoinit.obj</name>
      </input_file>
      <input_file id="fl-d8">
         <path>C:\ti\ccsv7\tools\compiler\ti-cgt-arm_16.9.0.LTS\lib\</path>
         <kind>archive</kind>
         <file>rtsv7M4_T_le_v4SPD16_eabi.lib</file>
         <name>cpy_tbl.obj</name>
      </input_file>
      <input_file id="fl-d9">
         <path>C:\ti\ccsv7\tools\compiler\ti-cgt-arm_16.9.0.LTS\lib\</path>
         <kind>archive</kind>
         <file>rtsv7M4_T_le_v4SPD16_eabi.lib</file>
         <name>i_div0.obj</name>
      </input_file>
      <input_file id="fl-da">
         <path>C:\ti\ccsv7\tools\compiler\ti-cgt-arm_16.9.0.LTS\lib\</path>
         <kind>archive</kind>
         <file>rtsv7M4_T_le_v4SPD16_eabi.lib</file>
         <name>startup.obj</name>
      </input_file>
      <input_file id="fl-db">
         <path>C:\ti\TivaWare_C_Series-2.1.3.156\driverlib\ccs\Debug\</path>
         <kind>archive</kind>
         <file>driverlib.lib</file>
         <name>adc.obj</name>
      </input_file>
      <input_file id="fl-dc">
         <path>C:\ti\TivaWare_C_Series-2.1.3.156\driverlib\ccs\Debug\</path>
         <kind>archive</kind>
         <file>driverlib.lib</file>
         <name>gpio.obj</name>
      </input_file>
      <input_file id="fl-dd">
         <path>C:\ti\TivaWare_C_Series-2.1.3.156\driverlib\ccs\Debug\</path>
         <kind>archive</kind>
         <file>driverlib.lib</file>
         <name>interrupt.obj</name>
      </input_file>
      <input_file id="fl-de">
         <path>C:\ti\TivaWare_C_Series-2.1.3.156\driverlib\ccs\Debug\</path>
         <kind>archive</kind>
         <file>driverlib.lib</file>
         <name>pwm.obj</name>
      </input_file>
      <input_file id="fl-df">
         <path>C:\ti\TivaWare_C_Series-2.1.3.156\driverlib\ccs\Debug\</path>
         <kind>archive</kind>
         <file>driverlib.lib</file>
         <name>sysctl.obj</name>
      </input_file>
      <input_file id="fl-e0">
         <path>C:\ti\TivaWare_C_Series-2.1.3.156\driverlib\ccs\Debug\</path>
         <kind>archive</kind>
         <file>driverlib.lib</file>
         <name>timer.obj</name>
      </input_file>
      <input_file id="fl-e1">
         <path>C:\ti\TivaWare_C_Series-2.1.3.156\driverlib\ccs\Debug\</path>
         <kind>archive</kind>
         <file>driverlib.lib</file>
         <name>uart.obj</name>
      </input_file>
      <input_file id="fl-e2">
         <path>C:\ti\TivaWare_C_Series-2.1.3.156\driverlib\ccs\Debug\</path>
         <kind>archive</kind>
         <file>driverlib.lib</file>
         <name>cpu.obj</name>
      </input_file>
   </input_file_list>
   <object_component_list>
      <object_component id="oc-f">
         <name>.intvecs</name>
         <load_address>0x0</load_address>
         <run_address>0x0</run_address>
         <size>0x26c</size>
         <input_file_ref idref="fl-5"/>
      </object_component>
      <object_component id="oc-a7">
         <name>.text</name>
         <load_address>0x26c</load_address>
         <run_address>0x26c</run_address>
         <size>0xee4</size>
         <input_file_ref idref="fl-2"/>
      </object_component>
      <object_component id="oc-e8">
         <name>.text</name>
         <load_address>0x1150</load_address>
         <run_address>0x1150</run_address>
         <size>0x4dc</size>
         <input_file_ref idref="fl-9"/>
      </object_component>
      <object_component id="oc-d6">
         <name>.text</name>
         <load_address>0x162c</load_address>
         <run_address>0x162c</run_address>
         <size>0x3bc</size>
         <input_file_ref idref="fl-6"/>
      </object_component>
      <object_component id="oc-d0">
         <name>.text</name>
         <load_address>0x19e8</load_address>
         <run_address>0x19e8</run_address>
         <size>0x1e4</size>
         <input_file_ref idref="fl-7"/>
      </object_component>
      <object_component id="oc-103">
         <name>.text</name>
         <load_address>0x1bcc</load_address>
         <run_address>0x1bcc</run_address>
         <size>0x1b6</size>
         <input_file_ref idref="fl-ca"/>
      </object_component>
      <object_component id="oc-26d">
         <name>.text</name>
         <load_address>0x1d82</load_address>
         <run_address>0x1d82</run_address>
         <size>0x2</size>
         <input_file_ref idref="fl-d9"/>
      </object_component>
      <object_component id="oc-e2">
         <name>.text</name>
         <load_address>0x1d84</load_address>
         <run_address>0x1d84</run_address>
         <size>0x13c</size>
         <input_file_ref idref="fl-3"/>
      </object_component>
      <object_component id="oc-fe">
         <name>.text</name>
         <load_address>0x1ec0</load_address>
         <run_address>0x1ec0</run_address>
         <size>0x136</size>
         <input_file_ref idref="fl-cb"/>
      </object_component>
      <object_component id="oc-230">
         <name>.text:GPIOPadConfigSet</name>
         <load_address>0x1ff6</load_address>
         <run_address>0x1ff6</run_address>
         <size>0x132</size>
         <input_file_ref idref="fl-dc"/>
      </object_component>
      <object_component id="oc-1c0">
         <name>.text:SysCtlClockGet</name>
         <load_address>0x2128</load_address>
         <run_address>0x2128</run_address>
         <size>0x110</size>
         <input_file_ref idref="fl-df"/>
      </object_component>
      <object_component id="oc-dc">
         <name>.text</name>
         <load_address>0x2238</load_address>
         <run_address>0x2238</run_address>
         <size>0xa4</size>
         <input_file_ref idref="fl-4"/>
      </object_component>
      <object_component id="oc-3f">
         <name>.text</name>
         <load_address>0x22dc</load_address>
         <run_address>0x22dc</run_address>
         <size>0x9c</size>
         <input_file_ref idref="fl-ce"/>
      </object_component>
      <object_component id="oc-4b">
         <name>.text</name>
         <load_address>0x2378</load_address>
         <run_address>0x2378</run_address>
         <size>0x7a</size>
         <input_file_ref idref="fl-cf"/>
      </object_component>
      <object_component id="oc-57">
         <name>.text</name>
         <load_address>0x23f2</load_address>
         <run_address>0x23f2</run_address>
         <size>0x2</size>
         <input_file_ref idref="fl-d0"/>
      </object_component>
      <object_component id="oc-63">
         <name>.text</name>
         <load_address>0x23f4</load_address>
         <run_address>0x23f4</run_address>
         <size>0x70</size>
         <input_file_ref idref="fl-d7"/>
      </object_component>
      <object_component id="oc-15b">
         <name>.text:IntEnable</name>
         <load_address>0x2464</load_address>
         <run_address>0x2464</run_address>
         <size>0x68</size>
         <input_file_ref idref="fl-dd"/>
      </object_component>
      <object_component id="oc-12">
         <name>.text:decompress:lzss</name>
         <load_address>0x24cc</load_address>
         <run_address>0x24cc</run_address>
         <size>0x68</size>
         <input_file_ref idref="fl-c6"/>
      </object_component>
      <object_component id="oc-16f">
         <name>.text:ADCSequenceConfigure</name>
         <load_address>0x2534</load_address>
         <run_address>0x2534</run_address>
         <size>0x58</size>
         <input_file_ref idref="fl-db"/>
      </object_component>
      <object_component id="oc-24">
         <name>.text</name>
         <load_address>0x258c</load_address>
         <run_address>0x258c</run_address>
         <size>0x54</size>
         <input_file_ref idref="fl-c5"/>
      </object_component>
      <object_component id="oc-6f">
         <name>.text</name>
         <load_address>0x25e0</load_address>
         <run_address>0x25e0</run_address>
         <size>0x54</size>
         <input_file_ref idref="fl-c9"/>
      </object_component>
      <object_component id="oc-23a">
         <name>.text:_ADCIntNumberGet</name>
         <load_address>0x2634</load_address>
         <run_address>0x2634</run_address>
         <size>0x50</size>
         <input_file_ref idref="fl-db"/>
      </object_component>
      <object_component id="oc-242">
         <name>.text:_TimerIntNumberGet</name>
         <load_address>0x2684</load_address>
         <run_address>0x2684</run_address>
         <size>0x4c</size>
         <input_file_ref idref="fl-e0"/>
      </object_component>
      <object_component id="oc-99">
         <name>.text</name>
         <load_address>0x26d0</load_address>
         <run_address>0x26d0</run_address>
         <size>0x4c</size>
         <input_file_ref idref="fl-d8"/>
      </object_component>
      <object_component id="oc-1ae">
         <name>.text:GPIOPinConfigure</name>
         <load_address>0x271c</load_address>
         <run_address>0x271c</run_address>
         <size>0x48</size>
         <input_file_ref idref="fl-dc"/>
      </object_component>
      <object_component id="oc-108">
         <name>.text</name>
         <load_address>0x2764</load_address>
         <run_address>0x2764</run_address>
         <size>0x44</size>
         <input_file_ref idref="fl-cc"/>
      </object_component>
      <object_component id="oc-215">
         <name>.text:_UARTIntNumberGet</name>
         <load_address>0x27a8</load_address>
         <run_address>0x27a8</run_address>
         <size>0x40</size>
         <input_file_ref idref="fl-e1"/>
      </object_component>
      <object_component id="oc-1ef">
         <name>.text</name>
         <load_address>0x27e8</load_address>
         <run_address>0x27e8</run_address>
         <size>0x40</size>
         <input_file_ref idref="fl-d4"/>
      </object_component>
      <object_component id="oc-21b">
         <name>.text:IntRegister</name>
         <load_address>0x2828</load_address>
         <run_address>0x2828</run_address>
         <size>0x34</size>
         <input_file_ref idref="fl-dd"/>
      </object_component>
      <object_component id="oc-1a2">
         <name>.text:SysCtlPeripheralEnable</name>
         <load_address>0x285c</load_address>
         <run_address>0x285c</run_address>
         <size>0x34</size>
         <input_file_ref idref="fl-df"/>
      </object_component>
      <object_component id="oc-f9">
         <name>.text</name>
         <load_address>0x2890</load_address>
         <run_address>0x2890</run_address>
         <size>0x2e</size>
         <input_file_ref idref="fl-cd"/>
      </object_component>
      <object_component id="oc-22a">
         <name>.text:GPIODirModeSet</name>
         <load_address>0x28be</load_address>
         <run_address>0x28be</run_address>
         <size>0x2a</size>
         <input_file_ref idref="fl-dc"/>
      </object_component>
      <object_component id="oc-1ba">
         <name>.text:PWMGenConfigure</name>
         <load_address>0x28e8</load_address>
         <run_address>0x28e8</run_address>
         <size>0x22</size>
         <input_file_ref idref="fl-de"/>
      </object_component>
      <object_component id="oc-1cc">
         <name>.text:PWMPulseWidthSet</name>
         <load_address>0x290a</load_address>
         <run_address>0x290a</run_address>
         <size>0x1e</size>
         <input_file_ref idref="fl-de"/>
      </object_component>
      <object_component id="oc-175">
         <name>.text:ADCIntRegister</name>
         <load_address>0x2928</load_address>
         <run_address>0x2928</run_address>
         <size>0x18</size>
         <input_file_ref idref="fl-db"/>
      </object_component>
      <object_component id="oc-181">
         <name>.text:TimerIntRegister</name>
         <load_address>0x2940</load_address>
         <run_address>0x2940</run_address>
         <size>0x18</size>
         <input_file_ref idref="fl-e0"/>
      </object_component>
      <object_component id="oc-155">
         <name>.text:UARTIntRegister</name>
         <load_address>0x2958</load_address>
         <run_address>0x2958</run_address>
         <size>0x18</size>
         <input_file_ref idref="fl-e1"/>
      </object_component>
      <object_component id="oc-69">
         <name>.text</name>
         <load_address>0x2970</load_address>
         <run_address>0x2970</run_address>
         <size>0x18</size>
         <input_file_ref idref="fl-d6"/>
      </object_component>
      <object_component id="oc-1a8">
         <name>.text:SysCtlPWMClockSet</name>
         <load_address>0x2988</load_address>
         <run_address>0x2988</run_address>
         <size>0x14</size>
         <input_file_ref idref="fl-df"/>
      </object_component>
      <object_component id="oc-137">
         <name>.text</name>
         <load_address>0x299c</load_address>
         <run_address>0x299c</run_address>
         <size>0x14</size>
         <input_file_ref idref="fl-d5"/>
      </object_component>
      <object_component id="oc-169">
         <name>.text:GPIOPinTypeADC</name>
         <load_address>0x29b0</load_address>
         <run_address>0x29b0</run_address>
         <size>0x12</size>
         <input_file_ref idref="fl-dc"/>
      </object_component>
      <object_component id="oc-1b4">
         <name>.text:GPIOPinTypePWM</name>
         <load_address>0x29c2</load_address>
         <run_address>0x29c2</run_address>
         <size>0x12</size>
         <input_file_ref idref="fl-dc"/>
      </object_component>
      <object_component id="oc-1d2">
         <name>.text:PWMOutputState</name>
         <load_address>0x29d4</load_address>
         <run_address>0x29d4</run_address>
         <size>0x12</size>
         <input_file_ref idref="fl-de"/>
      </object_component>
      <object_component id="oc-193">
         <name>.text:TimerLoadSet</name>
         <load_address>0x29e6</load_address>
         <run_address>0x29e6</run_address>
         <size>0x12</size>
         <input_file_ref idref="fl-e0"/>
      </object_component>
      <object_component id="oc-17b">
         <name>.text:ADCIntEnable</name>
         <load_address>0x29f8</load_address>
         <run_address>0x29f8</run_address>
         <size>0x10</size>
         <input_file_ref idref="fl-db"/>
      </object_component>
      <object_component id="oc-187">
         <name>.text:IntMasterEnable</name>
         <load_address>0x2a08</load_address>
         <run_address>0x2a08</run_address>
         <size>0x10</size>
         <input_file_ref idref="fl-dd"/>
      </object_component>
      <object_component id="oc-1c6">
         <name>.text:PWMGenPeriodSet</name>
         <load_address>0x2a18</load_address>
         <run_address>0x2a18</run_address>
         <size>0x10</size>
         <input_file_ref idref="fl-de"/>
      </object_component>
      <object_component id="oc-11b">
         <name>.text:UARTCharGetNonBlocking</name>
         <load_address>0x2a28</load_address>
         <run_address>0x2a28</run_address>
         <size>0xe</size>
         <input_file_ref idref="fl-e1"/>
      </object_component>
      <object_component id="oc-121">
         <name>.text:UARTCharPutNonBlocking</name>
         <load_address>0x2a36</load_address>
         <run_address>0x2a36</run_address>
         <size>0xe</size>
         <input_file_ref idref="fl-e1"/>
      </object_component>
      <object_component id="oc-127">
         <name>.text:UARTCharsAvail</name>
         <load_address>0x2a44</load_address>
         <run_address>0x2a44</run_address>
         <size>0xe</size>
         <input_file_ref idref="fl-e1"/>
      </object_component>
      <object_component id="oc-18">
         <name>.text:decompress:none</name>
         <load_address>0x2a52</load_address>
         <run_address>0x2a52</run_address>
         <size>0xe</size>
         <input_file_ref idref="fl-c7"/>
      </object_component>
      <object_component id="oc-24a">
         <name>.text:CPUcpsie</name>
         <load_address>0x2a60</load_address>
         <run_address>0x2a60</run_address>
         <size>0xc</size>
         <input_file_ref idref="fl-e2"/>
      </object_component>
      <object_component id="oc-1d8">
         <name>.text:PWMGenEnable</name>
         <load_address>0x2a6c</load_address>
         <run_address>0x2a6c</run_address>
         <size>0xc</size>
         <input_file_ref idref="fl-de"/>
      </object_component>
      <object_component id="oc-1e">
         <name>.text:decompress:ZI</name>
         <load_address>0x2a78</load_address>
         <run_address>0x2a78</run_address>
         <size>0xc</size>
         <input_file_ref idref="fl-c8"/>
      </object_component>
      <object_component id="oc-2b">
         <name>.text</name>
         <load_address>0x2a84</load_address>
         <run_address>0x2a84</run_address>
         <size>0xc</size>
         <input_file_ref idref="fl-5"/>
      </object_component>
      <object_component id="oc-10f">
         <name>.text:UARTIntStatus</name>
         <load_address>0x2a90</load_address>
         <run_address>0x2a90</run_address>
         <size>0xa</size>
         <input_file_ref idref="fl-e1"/>
      </object_component>
      <object_component id="oc-161">
         <name>.text:UARTIntEnable</name>
         <load_address>0x2a9a</load_address>
         <run_address>0x2a9a</run_address>
         <size>0x8</size>
         <input_file_ref idref="fl-e1"/>
      </object_component>
      <object_component id="oc-1df">
         <name>.text:GPIOPinWrite</name>
         <load_address>0x2aa2</load_address>
         <run_address>0x2aa2</run_address>
         <size>0x6</size>
         <input_file_ref idref="fl-dc"/>
      </object_component>
      <object_component id="oc-14f">
         <name>.text:UARTClockSourceSet</name>
         <load_address>0x2aa8</load_address>
         <run_address>0x2aa8</run_address>
         <size>0x6</size>
         <input_file_ref idref="fl-e1"/>
      </object_component>
      <object_component id="oc-18d">
         <name>.text:TimerIntClear</name>
         <load_address>0x2aae</load_address>
         <run_address>0x2aae</run_address>
         <size>0x4</size>
         <input_file_ref idref="fl-e0"/>
      </object_component>
      <object_component id="oc-115">
         <name>.text:UARTIntClear</name>
         <load_address>0x2ab2</load_address>
         <run_address>0x2ab2</run_address>
         <size>0x4</size>
         <input_file_ref idref="fl-e1"/>
      </object_component>
      <object_component id="oc-5d">
         <name>.text</name>
         <load_address>0x2ab6</load_address>
         <run_address>0x2ab6</run_address>
         <size>0x4</size>
         <input_file_ref idref="fl-d1"/>
      </object_component>
      <object_component id="oc-9f">
         <name>.text</name>
         <load_address>0x2aba</load_address>
         <run_address>0x2aba</run_address>
         <size>0x2</size>
         <input_file_ref idref="fl-da"/>
      </object_component>
      <object_component id="oc-256">
         <name>.const:g_pui32GPIOBaseAddrs</name>
         <load_address>0x2abc</load_address>
         <run_address>0x2abc</run_address>
         <size>0x90</size>
         <input_file_ref idref="fl-dc"/>
      </object_component>
      <object_component id="oc-222">
         <name>.const</name>
         <load_address>0x2b4c</load_address>
         <run_address>0x2b4c</run_address>
         <size>0x70</size>
         <input_file_ref idref="fl-dd"/>
      </object_component>
      <object_component id="oc-25e">
         <name>.const:g_pui32Xtals</name>
         <load_address>0x2bbc</load_address>
         <run_address>0x2bbc</run_address>
         <size>0x6c</size>
         <input_file_ref idref="fl-df"/>
      </object_component>
      <object_component id="oc-28f">
         <name>.const:g_ppui32TimerIntMap</name>
         <load_address>0x2c28</load_address>
         <run_address>0x2c28</run_address>
         <size>0x60</size>
         <input_file_ref idref="fl-e0"/>
      </object_component>
      <object_component id="oc-292">
         <name>.const:g_ppui32TimerIntMapSnowflake</name>
         <load_address>0x2c88</load_address>
         <run_address>0x2c88</run_address>
         <size>0x40</size>
         <input_file_ref idref="fl-e0"/>
      </object_component>
      <object_component id="oc-27b">
         <name>.const:g_ppui32UARTIntMap</name>
         <load_address>0x2cc8</load_address>
         <run_address>0x2cc8</run_address>
         <size>0x40</size>
         <input_file_ref idref="fl-e1"/>
      </object_component>
      <object_component id="oc-27e">
         <name>.const:g_ppui32UARTIntMapSnowflake</name>
         <load_address>0x2d08</load_address>
         <run_address>0x2d08</run_address>
         <size>0x40</size>
         <input_file_ref idref="fl-e1"/>
      </object_component>
      <object_component id="oc-1ec">
         <name>.const:g_ui32UARTBase</name>
         <load_address>0x2d48</load_address>
         <run_address>0x2d48</run_address>
         <size>0x18</size>
         <input_file_ref idref="fl-9"/>
      </object_component>
      <object_component id="oc-1e6">
         <name>.const:g_ui32UARTPeriph</name>
         <load_address>0x2d60</load_address>
         <run_address>0x2d60</run_address>
         <size>0x18</size>
         <input_file_ref idref="fl-9"/>
      </object_component>
      <object_component id="oc-274">
         <name>.const:.string</name>
         <load_address>0x2d78</load_address>
         <run_address>0x2d78</run_address>
         <size>0x12</size>
         <input_file_ref idref="fl-9"/>
      </object_component>
      <object_component id="oc-1f4">
         <name>.const</name>
         <load_address>0x2d8c</load_address>
         <run_address>0x2d8c</run_address>
         <size>0x4</size>
         <input_file_ref idref="fl-9"/>
      </object_component>
      <object_component id="oc-2d5">
         <name>.cinit..data.load</name>
         <load_address>0x2d90</load_address>
         <run_address>0x2d90</run_address>
         <size>0x11</size>
      </object_component>
      <object_component id="oc-2d2">
         <name>__TI_handler_table</name>
         <load_address>0x2da4</load_address>
         <run_address>0x2da4</run_address>
         <size>0xc</size>
      </object_component>
      <object_component id="oc-2d6">
         <name>.cinit..bss.load</name>
         <load_address>0x2db0</load_address>
         <run_address>0x2db0</run_address>
         <size>0x8</size>
      </object_component>
      <object_component id="oc-2d4">
         <name>.cinit..vtable.load</name>
         <load_address>0x2db8</load_address>
         <run_address>0x2db8</run_address>
         <size>0x8</size>
      </object_component>
      <object_component id="oc-2d3">
         <name>__TI_cinit_table</name>
         <load_address>0x2dc0</load_address>
         <run_address>0x2dc0</run_address>
         <size>0x18</size>
      </object_component>
      <object_component id="oc-282">
         <name>.vtable</name>
         <uninitialized>true</uninitialized>
         <run_address>0x20000000</run_address>
         <size>0x26c</size>
         <input_file_ref idref="fl-dd"/>
      </object_component>
      <object_component id="oc-1e9">
         <name>.data</name>
         <load_address>0x20007bdc</load_address>
         <run_address>0x20007bdc</run_address>
         <size>0x5</size>
         <input_file_ref idref="fl-9"/>
      </object_component>
      <object_component id="oc-af">
         <name>.data:$O1$$</name>
         <load_address>0x20007bc8</load_address>
         <run_address>0x20007bc8</run_address>
         <size>0xc</size>
         <input_file_ref idref="fl-c9"/>
      </object_component>
      <object_component id="oc-75">
         <name>.data</name>
         <load_address>0x20007be4</load_address>
         <run_address>0x20007be4</run_address>
         <size>0x4</size>
         <input_file_ref idref="fl-d2"/>
      </object_component>
      <object_component id="oc-b2">
         <name>.data:$O1$$</name>
         <load_address>0x20007bd4</load_address>
         <run_address>0x20007bd4</run_address>
         <size>0x8</size>
         <input_file_ref idref="fl-d5"/>
      </object_component>
      <object_component id="oc-19a">
         <name>.common:frame0</name>
         <uninitialized>true</uninitialized>
         <run_address>0x20007b20</run_address>
         <size>0x1c</size>
      </object_component>
      <object_component id="oc-19b">
         <name>.common:frame1</name>
         <uninitialized>true</uninitialized>
         <run_address>0x20007b3c</run_address>
         <size>0x1c</size>
      </object_component>
      <object_component id="oc-19c">
         <name>.common:frame2</name>
         <uninitialized>true</uninitialized>
         <run_address>0x20007b58</run_address>
         <size>0x1c</size>
      </object_component>
      <object_component id="oc-19d">
         <name>.common:frame3</name>
         <uninitialized>true</uninitialized>
         <run_address>0x20007b74</run_address>
         <size>0x1c</size>
      </object_component>
      <object_component id="oc-199">
         <name>.common:frame4</name>
         <uninitialized>true</uninitialized>
         <run_address>0x20007b90</run_address>
         <size>0x1c</size>
      </object_component>
      <object_component id="oc-f6">
         <name>.common:head</name>
         <uninitialized>true</uninitialized>
         <run_address>0x20007bb8</run_address>
         <size>0x4</size>
      </object_component>
      <object_component id="oc-10d">
         <name>.common:tail</name>
         <uninitialized>true</uninitialized>
         <run_address>0x20007bc0</run_address>
         <size>0x4</size>
      </object_component>
      <object_component id="oc-f3">
         <name>.common:current</name>
         <uninitialized>true</uninitialized>
         <run_address>0x20007bb0</run_address>
         <size>0x4</size>
      </object_component>
      <object_component id="oc-19f">
         <name>.common:current_buffer</name>
         <uninitialized>true</uninitialized>
         <run_address>0x20007bb4</run_address>
         <size>0x4</size>
      </object_component>
      <object_component id="oc-1a0">
         <name>.common:isBuffer1</name>
         <uninitialized>true</uninitialized>
         <run_address>0x20007bc5</run_address>
         <size>0x1</size>
      </object_component>
      <object_component id="oc-19e">
         <name>.common:current_buffer_count</name>
         <uninitialized>true</uninitialized>
         <run_address>0x20007bc4</run_address>
         <size>0x1</size>
      </object_component>
      <object_component id="oc-ee">
         <name>.common:buffer1</name>
         <uninitialized>true</uninitialized>
         <run_address>0x2000779c</run_address>
         <size>0x181</size>
      </object_component>
      <object_component id="oc-f2">
         <name>.common:buffer2</name>
         <uninitialized>true</uninitialized>
         <run_address>0x2000791d</run_address>
         <size>0x181</size>
      </object_component>
      <object_component id="oc-f1">
         <name>.common:buffer</name>
         <uninitialized>true</uninitialized>
         <run_address>0x20007bac</run_address>
         <size>0x4</size>
      </object_component>
      <object_component id="oc-f8">
         <name>.common:binarized</name>
         <uninitialized>true</uninitialized>
         <run_address>0x20007a9e</run_address>
         <size>0x80</size>
      </object_component>
      <object_component id="oc-f7">
         <name>.common:line_count</name>
         <uninitialized>true</uninitialized>
         <run_address>0x20007bbc</run_address>
         <size>0x4</size>
      </object_component>
      <object_component id="oc-10e">
         <name>.common:prev_steer</name>
         <uninitialized>true</uninitialized>
         <run_address>0x20007b1e</run_address>
         <size>0x2</size>
      </object_component>
      <object_component id="oc-2a">
         <name>.stack</name>
         <uninitialized>true</uninitialized>
         <run_address>0x2000026c</run_address>
         <size>0x0</size>
         <input_file_ref idref="fl-c5"/>
      </object_component>
      <object_component id="oc-2d7">
         <name>.stack</name>
         <uninitialized>true</uninitialized>
         <run_address>0x2000026c</run_address>
         <size>0x0</size>
      </object_component>
      <object_component id="oc-ef">
         <name>.debug_info</name>
         <load_address>0x0</load_address>
         <run_address>0x0</run_address>
         <size>0x5d8</size>
         <input_file_ref idref="fl-2"/>
      </object_component>
      <object_component id="oc-a8">
         <name>.debug_info</name>
         <load_address>0x5d8</load_address>
         <run_address>0x5d8</run_address>
         <size>0x985</size>
         <input_file_ref idref="fl-2"/>
      </object_component>
      <object_component id="oc-ba">
         <name>.debug_info</name>
         <load_address>0xf5d</load_address>
         <run_address>0xf5d</run_address>
         <size>0x8b</size>
         <input_file_ref idref="fl-2"/>
      </object_component>
      <object_component id="oc-7c">
         <name>.debug_info</name>
         <load_address>0xfe8</load_address>
         <run_address>0xfe8</run_address>
         <size>0x18b</size>
         <input_file_ref idref="fl-2"/>
      </object_component>
      <object_component id="oc-90">
         <name>.debug_info</name>
         <load_address>0x1173</load_address>
         <run_address>0x1173</run_address>
         <size>0x2c</size>
         <input_file_ref idref="fl-2"/>
      </object_component>
      <object_component id="oc-1f9">
         <name>.debug_info</name>
         <load_address>0x119f</load_address>
         <run_address>0x119f</run_address>
         <size>0x4e</size>
         <input_file_ref idref="fl-2"/>
      </object_component>
      <object_component id="oc-200">
         <name>.debug_info</name>
         <load_address>0x11ed</load_address>
         <run_address>0x11ed</run_address>
         <size>0x273</size>
         <input_file_ref idref="fl-2"/>
      </object_component>
      <object_component id="oc-e5">
         <name>.debug_info</name>
         <load_address>0x1460</load_address>
         <run_address>0x1460</run_address>
         <size>0x386</size>
         <input_file_ref idref="fl-3"/>
      </object_component>
      <object_component id="oc-de">
         <name>.debug_info</name>
         <load_address>0x17e6</load_address>
         <run_address>0x17e6</run_address>
         <size>0x2c3</size>
         <input_file_ref idref="fl-4"/>
      </object_component>
      <object_component id="oc-33">
         <name>.debug_info</name>
         <load_address>0x1aa9</load_address>
         <run_address>0x1aa9</run_address>
         <size>0xf8</size>
         <input_file_ref idref="fl-5"/>
      </object_component>
      <object_component id="oc-10">
         <name>.debug_info</name>
         <load_address>0x1ba1</load_address>
         <run_address>0x1ba1</run_address>
         <size>0xe3</size>
         <input_file_ref idref="fl-5"/>
      </object_component>
      <object_component id="oc-2c">
         <name>.debug_info</name>
         <load_address>0x1c84</load_address>
         <run_address>0x1c84</run_address>
         <size>0x25f</size>
         <input_file_ref idref="fl-5"/>
      </object_component>
      <object_component id="oc-3a">
         <name>.debug_info</name>
         <load_address>0x1ee3</load_address>
         <run_address>0x1ee3</run_address>
         <size>0x84</size>
         <input_file_ref idref="fl-5"/>
      </object_component>
      <object_component id="oc-f4">
         <name>.debug_info</name>
         <load_address>0x1f67</load_address>
         <run_address>0x1f67</run_address>
         <size>0x506</size>
         <input_file_ref idref="fl-6"/>
      </object_component>
      <object_component id="oc-d7">
         <name>.debug_info</name>
         <load_address>0x246d</load_address>
         <run_address>0x246d</run_address>
         <size>0x459</size>
         <input_file_ref idref="fl-6"/>
      </object_component>
      <object_component id="oc-168">
         <name>.debug_info</name>
         <load_address>0x28c6</load_address>
         <run_address>0x28c6</run_address>
         <size>0x212</size>
         <input_file_ref idref="fl-7"/>
      </object_component>
      <object_component id="oc-d1">
         <name>.debug_info</name>
         <load_address>0x2ad8</load_address>
         <run_address>0x2ad8</run_address>
         <size>0x3dc</size>
         <input_file_ref idref="fl-7"/>
      </object_component>
      <object_component id="oc-1f8">
         <name>.debug_info</name>
         <load_address>0x2eb4</load_address>
         <run_address>0x2eb4</run_address>
         <size>0x10d</size>
         <input_file_ref idref="fl-9"/>
      </object_component>
      <object_component id="oc-1ea">
         <name>.debug_info</name>
         <load_address>0x2fc1</load_address>
         <run_address>0x2fc1</run_address>
         <size>0xf4</size>
         <input_file_ref idref="fl-9"/>
      </object_component>
      <object_component id="oc-1f5">
         <name>.debug_info</name>
         <load_address>0x30b5</load_address>
         <run_address>0x30b5</run_address>
         <size>0xee</size>
         <input_file_ref idref="fl-9"/>
      </object_component>
      <object_component id="oc-1ed">
         <name>.debug_info</name>
         <load_address>0x31a3</load_address>
         <run_address>0x31a3</run_address>
         <size>0xfc</size>
         <input_file_ref idref="fl-9"/>
      </object_component>
      <object_component id="oc-1e7">
         <name>.debug_info</name>
         <load_address>0x329f</load_address>
         <run_address>0x329f</run_address>
         <size>0x100</size>
         <input_file_ref idref="fl-9"/>
      </object_component>
      <object_component id="oc-eb">
         <name>.debug_info</name>
         <load_address>0x339f</load_address>
         <run_address>0x339f</run_address>
         <size>0x8d8</size>
         <input_file_ref idref="fl-9"/>
      </object_component>
      <object_component id="oc-26">
         <name>.debug_info</name>
         <load_address>0x3c77</load_address>
         <run_address>0x3c77</run_address>
         <size>0x160</size>
         <input_file_ref idref="fl-c5"/>
      </object_component>
      <object_component id="oc-86">
         <name>.debug_info</name>
         <load_address>0x3dd7</load_address>
         <run_address>0x3dd7</run_address>
         <size>0xf9</size>
         <input_file_ref idref="fl-c6"/>
      </object_component>
      <object_component id="oc-15">
         <name>.debug_info</name>
         <load_address>0x3ed0</load_address>
         <run_address>0x3ed0</run_address>
         <size>0x245</size>
         <input_file_ref idref="fl-c6"/>
      </object_component>
      <object_component id="oc-35">
         <name>.debug_info</name>
         <load_address>0x4115</load_address>
         <run_address>0x4115</run_address>
         <size>0x60</size>
         <input_file_ref idref="fl-c6"/>
      </object_component>
      <object_component id="oc-81">
         <name>.debug_info</name>
         <load_address>0x4175</load_address>
         <run_address>0x4175</run_address>
         <size>0x46</size>
         <input_file_ref idref="fl-c6"/>
      </object_component>
      <object_component id="oc-4a">
         <name>.debug_info</name>
         <load_address>0x41bb</load_address>
         <run_address>0x41bb</run_address>
         <size>0x140</size>
         <input_file_ref idref="fl-c7"/>
      </object_component>
      <object_component id="oc-19">
         <name>.debug_info</name>
         <load_address>0x42fb</load_address>
         <run_address>0x42fb</run_address>
         <size>0x1df</size>
         <input_file_ref idref="fl-c7"/>
      </object_component>
      <object_component id="oc-45">
         <name>.debug_info</name>
         <load_address>0x44da</load_address>
         <run_address>0x44da</run_address>
         <size>0x46</size>
         <input_file_ref idref="fl-c7"/>
      </object_component>
      <object_component id="oc-88">
         <name>.debug_info</name>
         <load_address>0x4520</load_address>
         <run_address>0x4520</run_address>
         <size>0x2c</size>
         <input_file_ref idref="fl-c7"/>
      </object_component>
      <object_component id="oc-56">
         <name>.debug_info</name>
         <load_address>0x454c</load_address>
         <run_address>0x454c</run_address>
         <size>0x12f</size>
         <input_file_ref idref="fl-c8"/>
      </object_component>
      <object_component id="oc-22">
         <name>.debug_info</name>
         <load_address>0x467b</load_address>
         <run_address>0x467b</run_address>
         <size>0x1aa</size>
         <input_file_ref idref="fl-c8"/>
      </object_component>
      <object_component id="oc-51">
         <name>.debug_info</name>
         <load_address>0x4825</load_address>
         <run_address>0x4825</run_address>
         <size>0x46</size>
         <input_file_ref idref="fl-c8"/>
      </object_component>
      <object_component id="oc-b6">
         <name>.debug_info</name>
         <load_address>0x486b</load_address>
         <run_address>0x486b</run_address>
         <size>0x234</size>
         <input_file_ref idref="fl-c9"/>
      </object_component>
      <object_component id="oc-b0">
         <name>.debug_info</name>
         <load_address>0x4a9f</load_address>
         <run_address>0x4a9f</run_address>
         <size>0x185</size>
         <input_file_ref idref="fl-c9"/>
      </object_component>
      <object_component id="oc-70">
         <name>.debug_info</name>
         <load_address>0x4c24</load_address>
         <run_address>0x4c24</run_address>
         <size>0x214</size>
         <input_file_ref idref="fl-c9"/>
      </object_component>
      <object_component id="oc-104">
         <name>.debug_info</name>
         <load_address>0x4e38</load_address>
         <run_address>0x4e38</run_address>
         <size>0x144</size>
         <input_file_ref idref="fl-ca"/>
      </object_component>
      <object_component id="oc-ff">
         <name>.debug_info</name>
         <load_address>0x4f7c</load_address>
         <run_address>0x4f7c</run_address>
         <size>0x132</size>
         <input_file_ref idref="fl-cb"/>
      </object_component>
      <object_component id="oc-10b">
         <name>.debug_info</name>
         <load_address>0x50ae</load_address>
         <run_address>0x50ae</run_address>
         <size>0x131</size>
         <input_file_ref idref="fl-cc"/>
      </object_component>
      <object_component id="oc-fa">
         <name>.debug_info</name>
         <load_address>0x51df</load_address>
         <run_address>0x51df</run_address>
         <size>0x124</size>
         <input_file_ref idref="fl-cd"/>
      </object_component>
      <object_component id="oc-40">
         <name>.debug_info</name>
         <load_address>0x5303</load_address>
         <run_address>0x5303</run_address>
         <size>0x111</size>
         <input_file_ref idref="fl-ce"/>
      </object_component>
      <object_component id="oc-4c">
         <name>.debug_info</name>
         <load_address>0x5414</load_address>
         <run_address>0x5414</run_address>
         <size>0x13f</size>
         <input_file_ref idref="fl-cf"/>
      </object_component>
      <object_component id="oc-59">
         <name>.debug_info</name>
         <load_address>0x5553</load_address>
         <run_address>0x5553</run_address>
         <size>0x138</size>
         <input_file_ref idref="fl-d0"/>
      </object_component>
      <object_component id="oc-5e">
         <name>.debug_info</name>
         <load_address>0x568b</load_address>
         <run_address>0x568b</run_address>
         <size>0x148</size>
         <input_file_ref idref="fl-d1"/>
      </object_component>
      <object_component id="oc-76">
         <name>.debug_info</name>
         <load_address>0x57d3</load_address>
         <run_address>0x57d3</run_address>
         <size>0x109</size>
         <input_file_ref idref="fl-d2"/>
      </object_component>
      <object_component id="oc-1f1">
         <name>.debug_info</name>
         <load_address>0x58dc</load_address>
         <run_address>0x58dc</run_address>
         <size>0x13a</size>
         <input_file_ref idref="fl-d4"/>
      </object_component>
      <object_component id="oc-13f">
         <name>.debug_info</name>
         <load_address>0x5a16</load_address>
         <run_address>0x5a16</run_address>
         <size>0x124</size>
         <input_file_ref idref="fl-d5"/>
      </object_component>
      <object_component id="oc-b3">
         <name>.debug_info</name>
         <load_address>0x5b3a</load_address>
         <run_address>0x5b3a</run_address>
         <size>0x113</size>
         <input_file_ref idref="fl-d5"/>
      </object_component>
      <object_component id="oc-138">
         <name>.debug_info</name>
         <load_address>0x5c4d</load_address>
         <run_address>0x5c4d</run_address>
         <size>0x21f</size>
         <input_file_ref idref="fl-d5"/>
      </object_component>
      <object_component id="oc-ae">
         <name>.debug_info</name>
         <load_address>0x5e6c</load_address>
         <run_address>0x5e6c</run_address>
         <size>0x166</size>
         <input_file_ref idref="fl-d6"/>
      </object_component>
      <object_component id="oc-6a">
         <name>.debug_info</name>
         <load_address>0x5fd2</load_address>
         <run_address>0x5fd2</run_address>
         <size>0x167</size>
         <input_file_ref idref="fl-d6"/>
      </object_component>
      <object_component id="oc-130">
         <name>.debug_info</name>
         <load_address>0x6139</load_address>
         <run_address>0x6139</run_address>
         <size>0x5e</size>
         <input_file_ref idref="fl-d6"/>
      </object_component>
      <object_component id="oc-a6">
         <name>.debug_info</name>
         <load_address>0x6197</load_address>
         <run_address>0x6197</run_address>
         <size>0x2e9</size>
         <input_file_ref idref="fl-d7"/>
      </object_component>
      <object_component id="oc-64">
         <name>.debug_info</name>
         <load_address>0x6480</load_address>
         <run_address>0x6480</run_address>
         <size>0x190</size>
         <input_file_ref idref="fl-d7"/>
      </object_component>
      <object_component id="oc-c6">
         <name>.debug_info</name>
         <load_address>0x6610</load_address>
         <run_address>0x6610</run_address>
         <size>0x39</size>
         <input_file_ref idref="fl-d7"/>
      </object_component>
      <object_component id="oc-14a">
         <name>.debug_info</name>
         <load_address>0x6649</load_address>
         <run_address>0x6649</run_address>
         <size>0x39</size>
         <input_file_ref idref="fl-d7"/>
      </object_component>
      <object_component id="oc-cb">
         <name>.debug_info</name>
         <load_address>0x6682</load_address>
         <run_address>0x6682</run_address>
         <size>0xcd</size>
         <input_file_ref idref="fl-d7"/>
      </object_component>
      <object_component id="oc-c2">
         <name>.debug_info</name>
         <load_address>0x674f</load_address>
         <run_address>0x674f</run_address>
         <size>0x1e0</size>
         <input_file_ref idref="fl-d8"/>
      </object_component>
      <object_component id="oc-9b">
         <name>.debug_info</name>
         <load_address>0x692f</load_address>
         <run_address>0x692f</run_address>
         <size>0x183</size>
         <input_file_ref idref="fl-d8"/>
      </object_component>
      <object_component id="oc-145">
         <name>.debug_info</name>
         <load_address>0x6ab2</load_address>
         <run_address>0x6ab2</run_address>
         <size>0x2c</size>
         <input_file_ref idref="fl-d8"/>
      </object_component>
      <object_component id="oc-26f">
         <name>.debug_info</name>
         <load_address>0x6ade</load_address>
         <run_address>0x6ade</run_address>
         <size>0x147</size>
         <input_file_ref idref="fl-d9"/>
      </object_component>
      <object_component id="oc-a0">
         <name>.debug_info</name>
         <load_address>0x6c25</load_address>
         <run_address>0x6c25</run_address>
         <size>0x145</size>
         <input_file_ref idref="fl-da"/>
      </object_component>
      <object_component id="oc-238">
         <name>.debug_info</name>
         <load_address>0x6d6a</load_address>
         <run_address>0x6d6a</run_address>
         <size>0x23d</size>
         <input_file_ref idref="fl-db"/>
      </object_component>
      <object_component id="oc-171">
         <name>.debug_info</name>
         <load_address>0x6fa7</load_address>
         <run_address>0x6fa7</run_address>
         <size>0x326</size>
         <input_file_ref idref="fl-db"/>
      </object_component>
      <object_component id="oc-23b">
         <name>.debug_info</name>
         <load_address>0x72cd</load_address>
         <run_address>0x72cd</run_address>
         <size>0x2bf</size>
         <input_file_ref idref="fl-db"/>
      </object_component>
      <object_component id="oc-176">
         <name>.debug_info</name>
         <load_address>0x758c</load_address>
         <run_address>0x758c</run_address>
         <size>0x2df</size>
         <input_file_ref idref="fl-db"/>
      </object_component>
      <object_component id="oc-17c">
         <name>.debug_info</name>
         <load_address>0x786b</load_address>
         <run_address>0x786b</run_address>
         <size>0x296</size>
         <input_file_ref idref="fl-db"/>
      </object_component>
      <object_component id="oc-25a">
         <name>.debug_info</name>
         <load_address>0x7b01</load_address>
         <run_address>0x7b01</run_address>
         <size>0x230</size>
         <input_file_ref idref="fl-dc"/>
      </object_component>
      <object_component id="oc-257">
         <name>.debug_info</name>
         <load_address>0x7d31</load_address>
         <run_address>0x7d31</run_address>
         <size>0x15b</size>
         <input_file_ref idref="fl-dc"/>
      </object_component>
      <object_component id="oc-1e0">
         <name>.debug_info</name>
         <load_address>0x7e8c</load_address>
         <run_address>0x7e8c</run_address>
         <size>0x2a3</size>
         <input_file_ref idref="fl-dc"/>
      </object_component>
      <object_component id="oc-22b">
         <name>.debug_info</name>
         <load_address>0x812f</load_address>
         <run_address>0x812f</run_address>
         <size>0x2b3</size>
         <input_file_ref idref="fl-dc"/>
      </object_component>
      <object_component id="oc-231">
         <name>.debug_info</name>
         <load_address>0x83e2</load_address>
         <run_address>0x83e2</run_address>
         <size>0x316</size>
         <input_file_ref idref="fl-dc"/>
      </object_component>
      <object_component id="oc-1b5">
         <name>.debug_info</name>
         <load_address>0x86f8</load_address>
         <run_address>0x86f8</run_address>
         <size>0x279</size>
         <input_file_ref idref="fl-dc"/>
      </object_component>
      <object_component id="oc-16b">
         <name>.debug_info</name>
         <load_address>0x8971</load_address>
         <run_address>0x8971</run_address>
         <size>0x279</size>
         <input_file_ref idref="fl-dc"/>
      </object_component>
      <object_component id="oc-1b0">
         <name>.debug_info</name>
         <load_address>0x8bea</load_address>
         <run_address>0x8bea</run_address>
         <size>0x280</size>
         <input_file_ref idref="fl-dc"/>
      </object_component>
      <object_component id="oc-226">
         <name>.debug_info</name>
         <load_address>0x8e6a</load_address>
         <run_address>0x8e6a</run_address>
         <size>0x20e</size>
         <input_file_ref idref="fl-dd"/>
      </object_component>
      <object_component id="oc-223">
         <name>.debug_info</name>
         <load_address>0x9078</load_address>
         <run_address>0x9078</run_address>
         <size>0x210</size>
         <input_file_ref idref="fl-dd"/>
      </object_component>
      <object_component id="oc-283">
         <name>.debug_info</name>
         <load_address>0x9288</load_address>
         <run_address>0x9288</run_address>
         <size>0x157</size>
         <input_file_ref idref="fl-dd"/>
      </object_component>
      <object_component id="oc-21e">
         <name>.debug_info</name>
         <load_address>0x93df</load_address>
         <run_address>0x93df</run_address>
         <size>0x2c1</size>
         <input_file_ref idref="fl-dd"/>
      </object_component>
      <object_component id="oc-18a">
         <name>.debug_info</name>
         <load_address>0x96a0</load_address>
         <run_address>0x96a0</run_address>
         <size>0x23e</size>
         <input_file_ref idref="fl-dd"/>
      </object_component>
      <object_component id="oc-15e">
         <name>.debug_info</name>
         <load_address>0x98de</load_address>
         <run_address>0x98de</run_address>
         <size>0x268</size>
         <input_file_ref idref="fl-dd"/>
      </object_component>
      <object_component id="oc-25d">
         <name>.debug_info</name>
         <load_address>0x9b46</load_address>
         <run_address>0x9b46</run_address>
         <size>0x1ed</size>
         <input_file_ref idref="fl-de"/>
      </object_component>
      <object_component id="oc-1cd">
         <name>.debug_info</name>
         <load_address>0x9d33</load_address>
         <run_address>0x9d33</run_address>
         <size>0x2f6</size>
         <input_file_ref idref="fl-de"/>
      </object_component>
      <object_component id="oc-1d3">
         <name>.debug_info</name>
         <load_address>0xa029</load_address>
         <run_address>0xa029</run_address>
         <size>0x2c4</size>
         <input_file_ref idref="fl-de"/>
      </object_component>
      <object_component id="oc-1c8">
         <name>.debug_info</name>
         <load_address>0xa2ed</load_address>
         <run_address>0xa2ed</run_address>
         <size>0x2b6</size>
         <input_file_ref idref="fl-de"/>
      </object_component>
      <object_component id="oc-1da">
         <name>.debug_info</name>
         <load_address>0xa5a3</load_address>
         <run_address>0xa5a3</run_address>
         <size>0x276</size>
         <input_file_ref idref="fl-de"/>
      </object_component>
      <object_component id="oc-1bc">
         <name>.debug_info</name>
         <load_address>0xa819</load_address>
         <run_address>0xa819</run_address>
         <size>0x2b3</size>
         <input_file_ref idref="fl-de"/>
      </object_component>
      <object_component id="oc-254">
         <name>.debug_info</name>
         <load_address>0xaacc</load_address>
         <run_address>0xaacc</run_address>
         <size>0x298</size>
         <input_file_ref idref="fl-df"/>
      </object_component>
      <object_component id="oc-25f">
         <name>.debug_info</name>
         <load_address>0xad64</load_address>
         <run_address>0xad64</run_address>
         <size>0x14d</size>
         <input_file_ref idref="fl-df"/>
      </object_component>
      <object_component id="oc-1a3">
         <name>.debug_info</name>
         <load_address>0xaeb1</load_address>
         <run_address>0xaeb1</run_address>
         <size>0x27d</size>
         <input_file_ref idref="fl-df"/>
      </object_component>
      <object_component id="oc-1a9">
         <name>.debug_info</name>
         <load_address>0xb12e</load_address>
         <run_address>0xb12e</run_address>
         <size>0x263</size>
         <input_file_ref idref="fl-df"/>
      </object_component>
      <object_component id="oc-1c1">
         <name>.debug_info</name>
         <load_address>0xb391</load_address>
         <run_address>0xb391</run_address>
         <size>0x2b5</size>
         <input_file_ref idref="fl-df"/>
      </object_component>
      <object_component id="oc-29b">
         <name>.debug_info</name>
         <load_address>0xb646</load_address>
         <run_address>0xb646</run_address>
         <size>0x5f</size>
         <input_file_ref idref="fl-df"/>
      </object_component>
      <object_component id="oc-249">
         <name>.debug_info</name>
         <load_address>0xb6a5</load_address>
         <run_address>0xb6a5</run_address>
         <size>0x223</size>
         <input_file_ref idref="fl-e0"/>
      </object_component>
      <object_component id="oc-290">
         <name>.debug_info</name>
         <load_address>0xb8c8</load_address>
         <run_address>0xb8c8</run_address>
         <size>0x15a</size>
         <input_file_ref idref="fl-e0"/>
      </object_component>
      <object_component id="oc-293">
         <name>.debug_info</name>
         <load_address>0xba22</load_address>
         <run_address>0xba22</run_address>
         <size>0x16c</size>
         <input_file_ref idref="fl-e0"/>
      </object_component>
      <object_component id="oc-195">
         <name>.debug_info</name>
         <load_address>0xbb8e</load_address>
         <run_address>0xbb8e</run_address>
         <size>0x2ba</size>
         <input_file_ref idref="fl-e0"/>
      </object_component>
      <object_component id="oc-244">
         <name>.debug_info</name>
         <load_address>0xbe48</load_address>
         <run_address>0xbe48</run_address>
         <size>0x2eb</size>
         <input_file_ref idref="fl-e0"/>
      </object_component>
      <object_component id="oc-183">
         <name>.debug_info</name>
         <load_address>0xc133</load_address>
         <run_address>0xc133</run_address>
         <size>0x2e4</size>
         <input_file_ref idref="fl-e0"/>
      </object_component>
      <object_component id="oc-18f">
         <name>.debug_info</name>
         <load_address>0xc417</load_address>
         <run_address>0xc417</run_address>
         <size>0x292</size>
         <input_file_ref idref="fl-e0"/>
      </object_component>
      <object_component id="oc-20c">
         <name>.debug_info</name>
         <load_address>0xc6a9</load_address>
         <run_address>0xc6a9</run_address>
         <size>0x227</size>
         <input_file_ref idref="fl-e1"/>
      </object_component>
      <object_component id="oc-27c">
         <name>.debug_info</name>
         <load_address>0xc8d0</load_address>
         <run_address>0xc8d0</run_address>
         <size>0x157</size>
         <input_file_ref idref="fl-e1"/>
      </object_component>
      <object_component id="oc-27f">
         <name>.debug_info</name>
         <load_address>0xca27</load_address>
         <run_address>0xca27</run_address>
         <size>0x169</size>
         <input_file_ref idref="fl-e1"/>
      </object_component>
      <object_component id="oc-216">
         <name>.debug_info</name>
         <load_address>0xcb90</load_address>
         <run_address>0xcb90</run_address>
         <size>0x27e</size>
         <input_file_ref idref="fl-e1"/>
      </object_component>
      <object_component id="oc-110">
         <name>.debug_info</name>
         <load_address>0xce0e</load_address>
         <run_address>0xce0e</run_address>
         <size>0x27f</size>
         <input_file_ref idref="fl-e1"/>
      </object_component>
      <object_component id="oc-156">
         <name>.debug_info</name>
         <load_address>0xd08d</load_address>
         <run_address>0xd08d</run_address>
         <size>0x2c3</size>
         <input_file_ref idref="fl-e1"/>
      </object_component>
      <object_component id="oc-162">
         <name>.debug_info</name>
         <load_address>0xd350</load_address>
         <run_address>0xd350</run_address>
         <size>0x28f</size>
         <input_file_ref idref="fl-e1"/>
      </object_component>
      <object_component id="oc-116">
         <name>.debug_info</name>
         <load_address>0xd5df</load_address>
         <run_address>0xd5df</run_address>
         <size>0x28d</size>
         <input_file_ref idref="fl-e1"/>
      </object_component>
      <object_component id="oc-150">
         <name>.debug_info</name>
         <load_address>0xd86c</load_address>
         <run_address>0xd86c</run_address>
         <size>0x291</size>
         <input_file_ref idref="fl-e1"/>
      </object_component>
      <object_component id="oc-128">
         <name>.debug_info</name>
         <load_address>0xdafd</load_address>
         <run_address>0xdafd</run_address>
         <size>0x253</size>
         <input_file_ref idref="fl-e1"/>
      </object_component>
      <object_component id="oc-122">
         <name>.debug_info</name>
         <load_address>0xdd50</load_address>
         <run_address>0xdd50</run_address>
         <size>0x28d</size>
         <input_file_ref idref="fl-e1"/>
      </object_component>
      <object_component id="oc-11c">
         <name>.debug_info</name>
         <load_address>0xdfdd</load_address>
         <run_address>0xdfdd</run_address>
         <size>0x263</size>
         <input_file_ref idref="fl-e1"/>
      </object_component>
      <object_component id="oc-24b">
         <name>.debug_info</name>
         <load_address>0xe240</load_address>
         <run_address>0xe240</run_address>
         <size>0x212</size>
         <input_file_ref idref="fl-e2"/>
      </object_component>
      <object_component id="oc-2d8">
         <name>.debug_info</name>
         <load_address>0xe452</load_address>
         <run_address>0xe452</run_address>
         <size>0x99</size>
      </object_component>
      <object_component id="oc-1ff">
         <name>.debug_line</name>
         <load_address>0x0</load_address>
         <run_address>0x0</run_address>
         <size>0x118</size>
         <input_file_ref idref="fl-2"/>
      </object_component>
      <object_component id="oc-ab">
         <name>.debug_line</name>
         <load_address>0x118</load_address>
         <run_address>0x118</run_address>
         <size>0x5a8</size>
         <input_file_ref idref="fl-2"/>
      </object_component>
      <object_component id="oc-bd">
         <name>.debug_line</name>
         <load_address>0x6c0</load_address>
         <run_address>0x6c0</run_address>
         <size>0x20</size>
         <input_file_ref idref="fl-2"/>
      </object_component>
      <object_component id="oc-7f">
         <name>.debug_line</name>
         <load_address>0x6e0</load_address>
         <run_address>0x6e0</run_address>
         <size>0x65</size>
         <input_file_ref idref="fl-2"/>
      </object_component>
      <object_component id="oc-93">
         <name>.debug_line</name>
         <load_address>0x745</load_address>
         <run_address>0x745</run_address>
         <size>0x65</size>
         <input_file_ref idref="fl-2"/>
      </object_component>
      <object_component id="oc-1fc">
         <name>.debug_line</name>
         <load_address>0x7aa</load_address>
         <run_address>0x7aa</run_address>
         <size>0x65</size>
         <input_file_ref idref="fl-2"/>
      </object_component>
      <object_component id="oc-203">
         <name>.debug_line</name>
         <load_address>0x80f</load_address>
         <run_address>0x80f</run_address>
         <size>0x30</size>
         <input_file_ref idref="fl-2"/>
      </object_component>
      <object_component id="oc-e3">
         <name>.debug_line</name>
         <load_address>0x83f</load_address>
         <run_address>0x83f</run_address>
         <size>0x7c</size>
         <input_file_ref idref="fl-3"/>
      </object_component>
      <object_component id="oc-dd">
         <name>.debug_line</name>
         <load_address>0x8bb</load_address>
         <run_address>0x8bb</run_address>
         <size>0x66</size>
         <input_file_ref idref="fl-4"/>
      </object_component>
      <object_component id="oc-7b">
         <name>.debug_line</name>
         <load_address>0x921</load_address>
         <run_address>0x921</run_address>
         <size>0x41</size>
         <input_file_ref idref="fl-5"/>
      </object_component>
      <object_component id="oc-32">
         <name>.debug_line</name>
         <load_address>0x962</load_address>
         <run_address>0x962</run_address>
         <size>0x41</size>
         <input_file_ref idref="fl-5"/>
      </object_component>
      <object_component id="oc-2f">
         <name>.debug_line</name>
         <load_address>0x9a3</load_address>
         <run_address>0x9a3</run_address>
         <size>0xa1</size>
         <input_file_ref idref="fl-5"/>
      </object_component>
      <object_component id="oc-3d">
         <name>.debug_line</name>
         <load_address>0xa44</load_address>
         <run_address>0xa44</run_address>
         <size>0x20</size>
         <input_file_ref idref="fl-5"/>
      </object_component>
      <object_component id="oc-206">
         <name>.debug_line</name>
         <load_address>0xa64</load_address>
         <run_address>0xa64</run_address>
         <size>0x144</size>
         <input_file_ref idref="fl-6"/>
      </object_component>
      <object_component id="oc-db">
         <name>.debug_line</name>
         <load_address>0xba8</load_address>
         <run_address>0xba8</run_address>
         <size>0x101</size>
         <input_file_ref idref="fl-6"/>
      </object_component>
      <object_component id="oc-229">
         <name>.debug_line</name>
         <load_address>0xca9</load_address>
         <run_address>0xca9</run_address>
         <size>0xd5</size>
         <input_file_ref idref="fl-7"/>
      </object_component>
      <object_component id="oc-d4">
         <name>.debug_line</name>
         <load_address>0xd7e</load_address>
         <run_address>0xd7e</run_address>
         <size>0xb1</size>
         <input_file_ref idref="fl-7"/>
      </object_component>
      <object_component id="oc-278">
         <name>.debug_line</name>
         <load_address>0xe2f</load_address>
         <run_address>0xe2f</run_address>
         <size>0x20</size>
         <input_file_ref idref="fl-9"/>
      </object_component>
      <object_component id="oc-26a">
         <name>.debug_line</name>
         <load_address>0xe4f</load_address>
         <run_address>0xe4f</run_address>
         <size>0x57</size>
         <input_file_ref idref="fl-9"/>
      </object_component>
      <object_component id="oc-276">
         <name>.debug_line</name>
         <load_address>0xea6</load_address>
         <run_address>0xea6</run_address>
         <size>0x57</size>
         <input_file_ref idref="fl-9"/>
      </object_component>
      <object_component id="oc-26c">
         <name>.debug_line</name>
         <load_address>0xefd</load_address>
         <run_address>0xefd</run_address>
         <size>0x57</size>
         <input_file_ref idref="fl-9"/>
      </object_component>
      <object_component id="oc-268">
         <name>.debug_line</name>
         <load_address>0xf54</load_address>
         <run_address>0xf54</run_address>
         <size>0x57</size>
         <input_file_ref idref="fl-9"/>
      </object_component>
      <object_component id="oc-ea">
         <name>.debug_line</name>
         <load_address>0xfab</load_address>
         <run_address>0xfab</run_address>
         <size>0x2a8</size>
         <input_file_ref idref="fl-9"/>
      </object_component>
      <object_component id="oc-28">
         <name>.debug_line</name>
         <load_address>0x1253</load_address>
         <run_address>0x1253</run_address>
         <size>0x53</size>
         <input_file_ref idref="fl-c5"/>
      </object_component>
      <object_component id="oc-c0">
         <name>.debug_line</name>
         <load_address>0x12a6</load_address>
         <run_address>0x12a6</run_address>
         <size>0x20</size>
         <input_file_ref idref="fl-c6"/>
      </object_component>
      <object_component id="oc-14">
         <name>.debug_line</name>
         <load_address>0x12c6</load_address>
         <run_address>0x12c6</run_address>
         <size>0xa9</size>
         <input_file_ref idref="fl-c6"/>
      </object_component>
      <object_component id="oc-38">
         <name>.debug_line</name>
         <load_address>0x136f</load_address>
         <run_address>0x136f</run_address>
         <size>0x3a</size>
         <input_file_ref idref="fl-c6"/>
      </object_component>
      <object_component id="oc-84">
         <name>.debug_line</name>
         <load_address>0x13a9</load_address>
         <run_address>0x13a9</run_address>
         <size>0x8a</size>
         <input_file_ref idref="fl-c6"/>
      </object_component>
      <object_component id="oc-8e">
         <name>.debug_line</name>
         <load_address>0x1433</load_address>
         <run_address>0x1433</run_address>
         <size>0x8a</size>
         <input_file_ref idref="fl-c7"/>
      </object_component>
      <object_component id="oc-1d">
         <name>.debug_line</name>
         <load_address>0x14bd</load_address>
         <run_address>0x14bd</run_address>
         <size>0x55</size>
         <input_file_ref idref="fl-c7"/>
      </object_component>
      <object_component id="oc-48">
         <name>.debug_line</name>
         <load_address>0x1512</load_address>
         <run_address>0x1512</run_address>
         <size>0x3a</size>
         <input_file_ref idref="fl-c7"/>
      </object_component>
      <object_component id="oc-8b">
         <name>.debug_line</name>
         <load_address>0x154c</load_address>
         <run_address>0x154c</run_address>
         <size>0x8a</size>
         <input_file_ref idref="fl-c7"/>
      </object_component>
      <object_component id="oc-96">
         <name>.debug_line</name>
         <load_address>0x15d6</load_address>
         <run_address>0x15d6</run_address>
         <size>0x8a</size>
         <input_file_ref idref="fl-c8"/>
      </object_component>
      <object_component id="oc-1f">
         <name>.debug_line</name>
         <load_address>0x1660</load_address>
         <run_address>0x1660</run_address>
         <size>0x4f</size>
         <input_file_ref idref="fl-c8"/>
      </object_component>
      <object_component id="oc-54">
         <name>.debug_line</name>
         <load_address>0x16af</load_address>
         <run_address>0x16af</run_address>
         <size>0x34</size>
         <input_file_ref idref="fl-c8"/>
      </object_component>
      <object_component id="oc-142">
         <name>.debug_line</name>
         <load_address>0x16e3</load_address>
         <run_address>0x16e3</run_address>
         <size>0xf2</size>
         <input_file_ref idref="fl-c9"/>
      </object_component>
      <object_component id="oc-136">
         <name>.debug_line</name>
         <load_address>0x17d5</load_address>
         <run_address>0x17d5</run_address>
         <size>0x2a</size>
         <input_file_ref idref="fl-c9"/>
      </object_component>
      <object_component id="oc-73">
         <name>.debug_line</name>
         <load_address>0x17ff</load_address>
         <run_address>0x17ff</run_address>
         <size>0x86</size>
         <input_file_ref idref="fl-c9"/>
      </object_component>
      <object_component id="oc-107">
         <name>.debug_line</name>
         <load_address>0x1885</load_address>
         <run_address>0x1885</run_address>
         <size>0xd2</size>
         <input_file_ref idref="fl-ca"/>
      </object_component>
      <object_component id="oc-102">
         <name>.debug_line</name>
         <load_address>0x1957</load_address>
         <run_address>0x1957</run_address>
         <size>0xa8</size>
         <input_file_ref idref="fl-cb"/>
      </object_component>
      <object_component id="oc-10a">
         <name>.debug_line</name>
         <load_address>0x19ff</load_address>
         <run_address>0x19ff</run_address>
         <size>0x59</size>
         <input_file_ref idref="fl-cc"/>
      </object_component>
      <object_component id="oc-fd">
         <name>.debug_line</name>
         <load_address>0x1a58</load_address>
         <run_address>0x1a58</run_address>
         <size>0x50</size>
         <input_file_ref idref="fl-cd"/>
      </object_component>
      <object_component id="oc-43">
         <name>.debug_line</name>
         <load_address>0x1aa8</load_address>
         <run_address>0x1aa8</run_address>
         <size>0x88</size>
         <input_file_ref idref="fl-ce"/>
      </object_component>
      <object_component id="oc-4f">
         <name>.debug_line</name>
         <load_address>0x1b30</load_address>
         <run_address>0x1b30</run_address>
         <size>0x79</size>
         <input_file_ref idref="fl-cf"/>
      </object_component>
      <object_component id="oc-5b">
         <name>.debug_line</name>
         <load_address>0x1ba9</load_address>
         <run_address>0x1ba9</run_address>
         <size>0x3d</size>
         <input_file_ref idref="fl-d0"/>
      </object_component>
      <object_component id="oc-62">
         <name>.debug_line</name>
         <load_address>0x1be6</load_address>
         <run_address>0x1be6</run_address>
         <size>0x40</size>
         <input_file_ref idref="fl-d1"/>
      </object_component>
      <object_component id="oc-b9">
         <name>.debug_line</name>
         <load_address>0x1c26</load_address>
         <run_address>0x1c26</run_address>
         <size>0x33</size>
         <input_file_ref idref="fl-d2"/>
      </object_component>
      <object_component id="oc-1f0">
         <name>.debug_line</name>
         <load_address>0x1c59</load_address>
         <run_address>0x1c59</run_address>
         <size>0x5b</size>
         <input_file_ref idref="fl-d4"/>
      </object_component>
      <object_component id="oc-213">
         <name>.debug_line</name>
         <load_address>0x1cb4</load_address>
         <run_address>0x1cb4</run_address>
         <size>0x20</size>
         <input_file_ref idref="fl-d5"/>
      </object_component>
      <object_component id="oc-13e">
         <name>.debug_line</name>
         <load_address>0x1cd4</load_address>
         <run_address>0x1cd4</run_address>
         <size>0x2b</size>
         <input_file_ref idref="fl-d5"/>
      </object_component>
      <object_component id="oc-13c">
         <name>.debug_line</name>
         <load_address>0x1cff</load_address>
         <run_address>0x1cff</run_address>
         <size>0x68</size>
         <input_file_ref idref="fl-d5"/>
      </object_component>
      <object_component id="oc-12f">
         <name>.debug_line</name>
         <load_address>0x1d67</load_address>
         <run_address>0x1d67</run_address>
         <size>0x2b</size>
         <input_file_ref idref="fl-d6"/>
      </object_component>
      <object_component id="oc-6e">
         <name>.debug_line</name>
         <load_address>0x1d92</load_address>
         <run_address>0x1d92</run_address>
         <size>0x4a</size>
         <input_file_ref idref="fl-d6"/>
      </object_component>
      <object_component id="oc-133">
         <name>.debug_line</name>
         <load_address>0x1ddc</load_address>
         <run_address>0x1ddc</run_address>
         <size>0x2b</size>
         <input_file_ref idref="fl-d6"/>
      </object_component>
      <object_component id="oc-c5">
         <name>.debug_line</name>
         <load_address>0x1e07</load_address>
         <run_address>0x1e07</run_address>
         <size>0xa9</size>
         <input_file_ref idref="fl-d7"/>
      </object_component>
      <object_component id="oc-67">
         <name>.debug_line</name>
         <load_address>0x1eb0</load_address>
         <run_address>0x1eb0</run_address>
         <size>0x8b</size>
         <input_file_ref idref="fl-d7"/>
      </object_component>
      <object_component id="oc-c9">
         <name>.debug_line</name>
         <load_address>0x1f3b</load_address>
         <run_address>0x1f3b</run_address>
         <size>0x2e</size>
         <input_file_ref idref="fl-d7"/>
      </object_component>
      <object_component id="oc-14d">
         <name>.debug_line</name>
         <load_address>0x1f69</load_address>
         <run_address>0x1f69</run_address>
         <size>0x8a</size>
         <input_file_ref idref="fl-d7"/>
      </object_component>
      <object_component id="oc-ce">
         <name>.debug_line</name>
         <load_address>0x1ff3</load_address>
         <run_address>0x1ff3</run_address>
         <size>0x8b</size>
         <input_file_ref idref="fl-d7"/>
      </object_component>
      <object_component id="oc-144">
         <name>.debug_line</name>
         <load_address>0x207e</load_address>
         <run_address>0x207e</run_address>
         <size>0x98</size>
         <input_file_ref idref="fl-d8"/>
      </object_component>
      <object_component id="oc-9e">
         <name>.debug_line</name>
         <load_address>0x2116</load_address>
         <run_address>0x2116</run_address>
         <size>0x68</size>
         <input_file_ref idref="fl-d8"/>
      </object_component>
      <object_component id="oc-148">
         <name>.debug_line</name>
         <load_address>0x217e</load_address>
         <run_address>0x217e</run_address>
         <size>0x2e</size>
         <input_file_ref idref="fl-d8"/>
      </object_component>
      <object_component id="oc-26e">
         <name>.debug_line</name>
         <load_address>0x21ac</load_address>
         <run_address>0x21ac</run_address>
         <size>0x3b</size>
         <input_file_ref idref="fl-d9"/>
      </object_component>
      <object_component id="oc-a4">
         <name>.debug_line</name>
[...]
      </symbol>
      <symbol id="sm-5">
         <name>__TI_Handler_Table_Limit</name>
         <value>0x2db0</value>
      </symbol>
      <symbol id="sm-6">
         <name>binit</name>
         <value>0xffffffff</value>
      </symbol>
      <symbol id="sm-7">
         <name>__binit__</name>
         <value>0xffffffff</value>
      </symbol>
      <symbol id="sm-8">
         <name>__STACK_SIZE</name>
         <value>0x7530</value>
      </symbol>
      <symbol id="sm-9">
         <name>__STACK_END</name>
         <value>0x2000779c</value>
      </symbol>
      <symbol id="sm-a">
         <name>__c_args__</name>
         <value>0xffffffff</value>
      </symbol>
      <symbol id="sm-b">
         <name>__TI_pprof_out_hndl</name>
         <value>0xffffffff</value>
      </symbol>
      <symbol id="sm-c">
         <name>__TI_prof_data_start</name>
         <value>0xffffffff</value>
      </symbol>
      <symbol id="sm-d">
         <name>__TI_prof_data_size</name>
         <value>0xffffffff</value>
      </symbol>
      <symbol id="sm-e1">
         <name>frame0</name>
         <value>0x20007b20</value>
      </symbol>
      <symbol id="sm-e2">
         <name>frame1</name>
         <value>0x20007b3c</value>
      </symbol>
      <symbol id="sm-e3">
         <name>frame2</name>
         <value>0x20007b58</value>
      </symbol>
      <symbol id="sm-e4">
         <name>frame3</name>
         <value>0x20007b74</value>
      </symbol>
      <symbol id="sm-e5">
         <name>frame4</name>
         <value>0x20007b90</value>
      </symbol>
      <symbol id="sm-e6">
         <name>head</name>
         <value>0x20007bb8</value>
      </symbol>
      <symbol id="sm-e7">
         <name>tail</name>
         <value>0x20007bc0</value>
      </symbol>
      <symbol id="sm-e8">
         <name>current</name>
         <value>0x20007bb0</value>
      </symbol>
      <symbol id="sm-e9">
         <name>current_buffer</name>
         <value>0x20007bb4</value>
      </symbol>
      <symbol id="sm-ea">
         <name>isBuffer1</name>
         <value>0x20007bc5</value>
      </symbol>
      <symbol id="sm-eb">
         <name>current_buffer_count</name>
         <value>0x20007bc4</value>
      </symbol>
      <symbol id="sm-ec">
         <name>buffer1</name>
         <value>0x2000779c</value>
      </symbol>
      <symbol id="sm-ed">
         <name>buffer2</name>
         <value>0x2000791d</value>
      </symbol>
      <symbol id="sm-ee">
         <name>buffer</name>
         <value>0x20007bac</value>
      </symbol>
      <symbol id="sm-ef">
         <name>binarized</name>
         <value>0x20007a9e</value>
      </symbol>
      <symbol id="sm-f0">
         <name>line_count</name>
         <value>0x20007bbc</value>
      </symbol>
      <symbol id="sm-f1">
         <name>prev_steer</name>
         <value>0x20007b1e</value>
      </symbol>
      <symbol id="sm-f2">
         <name>gray2bw</name>
         <value>0x89d</value>
         <object_component_ref idref="oc-a7"/>
      </symbol>
      <symbol id="sm-f3">
         <name>get_integral</name>
         <value>0x803</value>
         <object_component_ref idref="oc-a7"/>
      </symbol>
      <symbol id="sm-f4">
         <name>UART0_IntHandler</name>
         <value>0x10d9</value>
         <object_component_ref idref="oc-a7"/>
      </symbol>
      <symbol id="sm-f5">
         <name>BT_UART_IntHandler</name>
         <value>0x110f</value>
         <object_component_ref idref="oc-a7"/>
      </symbol>
      <symbol id="sm-f6">
         <name>get_derivative</name>
         <value>0x7a9</value>
         <object_component_ref idref="oc-a7"/>
      </symbol>
      <symbol id="sm-f7">
         <name>main</name>
         <value>0x26d</value>
         <object_component_ref idref="oc-a7"/>
      </symbol>
      <symbol id="sm-f8">
         <name>process_frame</name>
         <value>0x2e9</value>
         <object_component_ref idref="oc-a7"/>
      </symbol>
      <symbol id="sm-f9">
         <name>set_steer</name>
         <value>0x559</value>
         <object_component_ref idref="oc-a7"/>
      </symbol>
      <symbol id="sm-fa">
         <name>get_proportional</name>
         <value>0x793</value>
         <object_component_ref idref="oc-a7"/>
      </symbol>
      <symbol id="sm-fb">
         <name>set_current_state</name>
         <value>0x989</value>
         <object_component_ref idref="oc-a7"/>
      </symbol>
      <symbol id="sm-112">
         <name>motor_init</name>
         <value>0x1d85</value>
         <object_component_ref idref="oc-e2"/>
      </symbol>
      <symbol id="sm-113">
         <name>motor_update</name>
         <value>0x1e39</value>
         <object_component_ref idref="oc-e2"/>
      </symbol>
      <symbol id="sm-125">
         <name>servo_update</name>
         <value>0x22a5</value>
         <object_component_ref idref="oc-dc"/>
      </symbol>
      <symbol id="sm-126">
         <name>servo_init</name>
         <value>0x2239</value>
         <object_component_ref idref="oc-dc"/>
      </symbol>
      <symbol id="sm-147">
         <name>ResetISR</name>
         <value>0x2a85</value>
         <object_component_ref idref="oc-2b"/>
      </symbol>
      <symbol id="sm-148">
         <name>g_pfnVectors</name>
         <value>0x0</value>
         <object_component_ref idref="oc-f"/>
      </symbol>
      <symbol id="sm-187">
         <name>TSL1401Timer_IntHandler</name>
         <value>0x17b9</value>
         <object_component_ref idref="oc-d6"/>
      </symbol>
      <symbol id="sm-188">
         <name>TSL1401ADC_IntHandler</name>
         <value>0x1809</value>
         <object_component_ref idref="oc-d6"/>
      </symbol>
      <symbol id="sm-189">
         <name>TSL1401Config</name>
         <value>0x162d</value>
         <object_component_ref idref="oc-d6"/>
      </symbol>
      <symbol id="sm-18a">
         <name>TriggerADC</name>
         <value>0x18d7</value>
         <object_component_ref idref="oc-d6"/>
      </symbol>
      <symbol id="sm-18b">
         <name>ReadFrame</name>
         <value>0x1811</value>
         <object_component_ref idref="oc-d6"/>
      </symbol>
      <symbol id="sm-1b5">
         <name>bluetooth_configure</name>
         <value>0x1ac5</value>
         <object_component_ref idref="oc-d0"/>
      </symbol>
      <symbol id="sm-1b6">
         <name>ConfigureUART0</name>
         <value>0x19e9</value>
         <object_component_ref idref="oc-d0"/>
      </symbol>
      <symbol id="sm-1b7">
         <name>BTUARTSend</name>
         <value>0x1b21</value>
         <object_component_ref idref="oc-d0"/>
      </symbol>
      <symbol id="sm-1b8">
         <name>bluetooth_init</name>
         <value>0x1a59</value>
         <object_component_ref idref="oc-d0"/>
      </symbol>
      <symbol id="sm-22a">
         <name>UARTgetc</name>
         <value>0x12c9</value>
         <object_component_ref idref="oc-e8"/>
      </symbol>
      <symbol id="sm-22b">
         <name>UARTgets</name>
         <value>0x1203</value>
         <object_component_ref idref="oc-e8"/>
      </symbol>
      <symbol id="sm-22c">
         <name>UARTStdioConfig</name>
         <value>0x1151</value>
         <object_component_ref idref="oc-e8"/>
      </symbol>
      <symbol id="sm-22d">
         <name>UARTwrite</name>
         <value>0x11b1</value>
         <object_component_ref idref="oc-e8"/>
      </symbol>
      <symbol id="sm-22e">
         <name>UARTprintf</name>
         <value>0x15f7</value>
         <object_component_ref idref="oc-e8"/>
      </symbol>
      <symbol id="sm-22f">
         <name>UARTvprintf</name>
         <value>0x12fd</value>
         <object_component_ref idref="oc-e8"/>
      </symbol>
      <symbol id="sm-241">
         <name>_c_int00</name>
         <value>0x258d</value>
         <object_component_ref idref="oc-24"/>
      </symbol>
      <symbol id="sm-242">
         <name>__stack</name>
         <value>0x2000026c</value>
         <object_component_ref idref="oc-2a"/>
      </symbol>
      <symbol id="sm-260">
         <name>__TI_decompress_lzss</name>
         <value>0x24cd</value>
         <object_component_ref idref="oc-12"/>
      </symbol>
      <symbol id="sm-277">
         <name>__TI_decompress_none</name>
         <value>0x2a53</value>
         <object_component_ref idref="oc-18"/>
      </symbol>
      <symbol id="sm-289">
         <name>__TI_zero_init</name>
         <value>0x2a79</value>
         <object_component_ref idref="oc-1e"/>
      </symbol>
      <symbol id="sm-2aa">
         <name>C$$EXIT</name>
         <value>0x25e1</value>
         <object_component_ref idref="oc-6f"/>
      </symbol>
      <symbol id="sm-2ab">
         <name>abort</name>
         <value>0x25e5</value>
         <object_component_ref idref="oc-6f"/>
      </symbol>
      <symbol id="sm-2ac">
         <name>exit</name>
         <value>0x25ed</value>
         <object_component_ref idref="oc-6f"/>
      </symbol>
      <symbol id="sm-2ad">
         <name>__TI_dtors_ptr</name>
         <value>0x20007bcc</value>
         <object_component_ref idref="oc-af"/>
      </symbol>
      <symbol id="sm-2ae">
         <name>__TI_cleanup_ptr</name>
         <value>0x20007bc8</value>
         <object_component_ref idref="oc-af"/>
      </symbol>
      <symbol id="sm-2af">
         <name>__TI_enable_exit_profile_output</name>
         <value>0x20007bd0</value>
         <object_component_ref idref="oc-af"/>
      </symbol>
      <symbol id="sm-2c6">
         <name>__aeabi_dsub</name>
         <value>0x1bcd</value>
         <object_component_ref idref="oc-103"/>
      </symbol>
      <symbol id="sm-2c7">
         <name>__aeabi_dadd</name>
         <value>0x1bd7</value>
         <object_component_ref idref="oc-103"/>
      </symbol>
      <symbol id="sm-2db">
         <name>__aeabi_ddiv</name>
         <value>0x1ec1</value>
         <object_component_ref idref="oc-fe"/>
      </symbol>
      <symbol id="sm-2e5">
         <name>__aeabi_d2uiz</name>
         <value>0x2765</value>
         <object_component_ref idref="oc-108"/>
      </symbol>
      <symbol id="sm-2ef">
         <name>__aeabi_i2d</name>
         <value>0x2891</value>
         <object_component_ref idref="oc-f9"/>
      </symbol>
      <symbol id="sm-30a">
         <name>memcpy</name>
         <value>0x22dd</value>
         <object_component_ref idref="oc-3f"/>
      </symbol>
      <symbol id="sm-30b">
         <name>__aeabi_memcpy</name>
         <value>0x22dd</value>
         <object_component_ref idref="oc-3f"/>
      </symbol>
      <symbol id="sm-30c">
         <name>__aeabi_memcpy8</name>
         <value>0x22dd</value>
         <object_component_ref idref="oc-3f"/>
      </symbol>
      <symbol id="sm-30d">
         <name>__aeabi_memcpy4</name>
         <value>0x22dd</value>
         <object_component_ref idref="oc-3f"/>
      </symbol>
      <symbol id="sm-31c">
         <name>__aeabi_memset</name>
         <value>0x237b</value>
         <object_component_ref idref="oc-4b"/>
      </symbol>
      <symbol id="sm-31d">
         <name>memset</name>
         <value>0x2381</value>
         <object_component_ref idref="oc-4b"/>
      </symbol>
      <symbol id="sm-31e">
         <name>__aeabi_memset8</name>
         <value>0x237b</value>
         <object_component_ref idref="oc-4b"/>
      </symbol>
      <symbol id="sm-31f">
         <name>__aeabi_memset4</name>
         <value>0x237b</value>
         <object_component_ref idref="oc-4b"/>
      </symbol>
      <symbol id="sm-320">
         <name>__aeabi_memclr8</name>
         <value>0x2379</value>
         <object_component_ref idref="oc-4b"/>
      </symbol>
      <symbol id="sm-321">
         <name>__aeabi_memclr4</name>
         <value>0x2379</value>
         <object_component_ref idref="oc-4b"/>
      </symbol>
      <symbol id="sm-322">
         <name>__aeabi_memclr</name>
         <value>0x2379</value>
         <object_component_ref idref="oc-4b"/>
      </symbol>
      <symbol id="sm-32c">
         <name>__mpu_init</name>
         <value>0x23f3</value>
         <object_component_ref idref="oc-57"/>
      </symbol>
      <symbol id="sm-336">
         <name>_system_pre_init</name>
         <value>0x2ab7</value>
         <object_component_ref idref="oc-5d"/>
      </symbol>
      <symbol id="sm-33e">
         <name>main_func_sp</name>
         <value>0x20007be4</value>
         <object_component_ref idref="oc-75"/>
      </symbol>
      <symbol id="sm-34e">
         <name>__aeabi_uidivmod</name>
         <value>0x27e9</value>
         <object_component_ref idref="oc-1ef"/>
      </symbol>
      <symbol id="sm-34f">
         <name>__aeabi_uidiv</name>
         <value>0x27e9</value>
         <object_component_ref idref="oc-1ef"/>
      </symbol>
      <symbol id="sm-368">
         <name>_nop</name>
         <value>0x29ab</value>
         <object_component_ref idref="oc-137"/>
      </symbol>
      <symbol id="sm-369">
         <name>_lock</name>
         <value>0x20007bd4</value>
         <object_component_ref idref="oc-b2"/>
      </symbol>
      <symbol id="sm-36a">
         <name>_unlock</name>
         <value>0x20007bd8</value>
         <object_component_ref idref="oc-b2"/>
      </symbol>
      <symbol id="sm-36b">
         <name>_register_lock</name>
         <value>0x29a3</value>
         <object_component_ref idref="oc-137"/>
      </symbol>
      <symbol id="sm-36c">
         <name>_register_unlock</name>
         <value>0x299d</value>
         <object_component_ref idref="oc-137"/>
      </symbol>
      <symbol id="sm-380">
         <name>_args_main</name>
         <value>0x2971</value>
         <object_component_ref idref="oc-69"/>
      </symbol>
      <symbol id="sm-3aa">
         <name>__TI_auto_init</name>
         <value>0x23f5</value>
         <object_component_ref idref="oc-63"/>
      </symbol>
      <symbol id="sm-3c4">
         <name>copy_in</name>
         <value>0x26d1</value>
         <object_component_ref idref="oc-99"/>
      </symbol>
      <symbol id="sm-3ce">
         <name>__aeabi_idiv0</name>
         <value>0x1d83</value>
         <object_component_ref idref="oc-26d"/>
      </symbol>
      <symbol id="sm-3d8">
         <name>_system_post_cinit</name>
         <value>0x2abb</value>
         <object_component_ref idref="oc-9f"/>
      </symbol>
      <symbol id="sm-40c">
         <name>ADCSequenceConfigure</name>
         <value>0x2535</value>
         <object_component_ref idref="oc-16f"/>
      </symbol>
      <symbol id="sm-40d">
         <name>ADCIntEnable</name>
         <value>0x29f9</value>
         <object_component_ref idref="oc-17b"/>
      </symbol>
      <symbol id="sm-40e">
         <name>ADCIntRegister</name>
         <value>0x2929</value>
         <object_component_ref idref="oc-175"/>
      </symbol>
      <symbol id="sm-450">
         <name>GPIOPinTypePWM</name>
         <value>0x29c3</value>
         <object_component_ref idref="oc-1b4"/>
      </symbol>
      <symbol id="sm-451">
         <name>GPIOPinConfigure</name>
         <value>0x271d</value>
         <object_component_ref idref="oc-1ae"/>
      </symbol>
      <symbol id="sm-452">
         <name>GPIOPinTypeADC</name>
         <value>0x29b1</value>
         <object_component_ref idref="oc-169"/>
      </symbol>
      <symbol id="sm-453">
         <name>GPIODirModeSet</name>
         <value>0x28bf</value>
         <object_component_ref idref="oc-22a"/>
      </symbol>
      <symbol id="sm-454">
         <name>GPIOPinWrite</name>
         <value>0x2aa3</value>
         <object_component_ref idref="oc-1df"/>
      </symbol>
      <symbol id="sm-455">
         <name>GPIOPadConfigSet</name>
         <value>0x1ff7</value>
         <object_component_ref idref="oc-230"/>
      </symbol>
      <symbol id="sm-497">
         <name>IntEnable</name>
         <value>0x2465</value>
         <object_component_ref idref="oc-15b"/>
      </symbol>
      <symbol id="sm-498">
         <name>IntRegister</name>
         <value>0x2829</value>
         <object_component_ref idref="oc-21b"/>
      </symbol>
      <symbol id="sm-499">
         <name>g_pfnRAMVectors</name>
         <value>0x20000000</value>
         <object_component_ref idref="oc-282"/>
      </symbol>
      <symbol id="sm-49a">
         <name>IntMasterEnable</name>
         <value>0x2a09</value>
         <object_component_ref idref="oc-187"/>
      </symbol>
      <symbol id="sm-4c7">
         <name>PWMGenPeriodSet</name>
         <value>0x2a19</value>
         <object_component_ref idref="oc-1c6"/>
      </symbol>
      <symbol id="sm-4c8">
         <name>PWMPulseWidthSet</name>
         <value>0x290b</value>
         <object_component_ref idref="oc-1cc"/>
      </symbol>
      <symbol id="sm-4c9">
         <name>PWMOutputState</name>
         <value>0x29d5</value>
         <object_component_ref idref="oc-1d2"/>
      </symbol>
      <symbol id="sm-4ca">
         <name>PWMGenEnable</name>
         <value>0x2a6d</value>
         <object_component_ref idref="oc-1d8"/>
      </symbol>
      <symbol id="sm-4cb">
         <name>PWMGenConfigure</name>
         <value>0x28e9</value>
         <object_component_ref idref="oc-1ba"/>
      </symbol>
      <symbol id="sm-50f">
         <name>SysCtlPeripheralEnable</name>
         <value>0x285d</value>
         <object_component_ref idref="oc-1a2"/>
      </symbol>
      <symbol id="sm-510">
         <name>SysCtlClockGet</name>
         <value>0x2129</value>
         <object_component_ref idref="oc-1c0"/>
      </symbol>
      <symbol id="sm-511">
         <name>SysCtlPWMClockSet</name>
         <value>0x2989</value>
         <object_component_ref idref="oc-1a8"/>
      </symbol>
      <symbol id="sm-54d">
         <name>TimerLoadSet</name>
         <value>0x29e7</value>
         <object_component_ref idref="oc-193"/>
      </symbol>
      <symbol id="sm-54e">
         <name>TimerIntRegister</name>
         <value>0x2941</value>
         <object_component_ref idref="oc-181"/>
      </symbol>
      <symbol id="sm-54f">
         <name>TimerIntClear</name>
         <value>0x2aaf</value>
         <object_component_ref idref="oc-18d"/>
      </symbol>
      <symbol id="sm-5b3">
         <name>UARTCharPutNonBlocking</name>
         <value>0x2a37</value>
         <object_component_ref idref="oc-121"/>
      </symbol>
      <symbol id="sm-5b4">
         <name>UARTIntEnable</name>
         <value>0x2a9b</value>
         <object_component_ref idref="oc-161"/>
      </symbol>
      <symbol id="sm-5b5">
         <name>UARTCharsAvail</name>
         <value>0x2a45</value>
         <object_component_ref idref="oc-127"/>
      </symbol>
      <symbol id="sm-5b6">
         <name>UARTCharGetNonBlocking</name>
         <value>0x2a29</value>
         <object_component_ref idref="oc-11b"/>
      </symbol>
      <symbol id="sm-5b7">
         <name>UARTClockSourceSet</name>
         <value>0x2aa9</value>
         <object_component_ref idref="oc-14f"/>
      </symbol>
      <symbol id="sm-5b8">
         <name>UARTIntClear</name>
         <value>0x2ab3</value>
         <object_component_ref idref="oc-115"/>
      </symbol>
      <symbol id="sm-5b9">
         <name>UARTIntStatus</name>
         <value>0x2a91</value>
         <object_component_ref idref="oc-10f"/>
      </symbol>
      <symbol id="sm-5ba">
         <name>UARTIntRegister</name>
         <value>0x2959</value>
         <object_component_ref idref="oc-155"/>
      </symbol>
      <symbol id="sm-5c4">
         <name>CPUcpsie</name>
         <value>0x2a61</value>
         <object_component_ref idref="oc-24a"/>
      </symbol>
      <symbol id="sm-5c5">
         <name>__TI_static_base__</name>
         <value>0x0</value>
      </symbol>
      <symbol id="sm-5c8">
         <name>SHT$$INIT_ARRAY$$Limit</name>
         <value>0x0</value>
      </symbol>
      <symbol id="sm-5c9">
         <name>SHT$$INIT_ARRAY$$Base</name>
         <value>0x0</value>
      </symbol>
   </symbol_table>
   <title>Link successful</title>
</link_info>
